[2025-11-12 08:57:04.904] === MAILEROO API REQUEST ===
[2025-11-12 08:57:04.906] Endpoint: https://smtp.maileroo.com/api/v2/emails
[2025-11-12 08:57:04.906] JSON Payload: {"subject":"Ham!","from":{"address":"spammer@0f6a1e97319a8c0a.maileroo.org"},"html":"\u003chtml\u003e\u003cbody\u003e\u003ch1\u003eHam Spam #1\u003c/h1\u003e\u003cp\u003eSent at Wed Nov 12 08:57:04 GMT 2025\u003c/p\u003e\u003c/body\u003e\u003c/html\u003e","to":{"address":"benhouse1242@gmail.com"}}
[2025-11-12 08:57:17.239] Response Status: 200
[2025-11-12 08:57:17.240] Response Body: {"data":{"reference_id":"c775f94faca6907747db5e24"},"message":"The email has been queued for delivery.","success":true}
[2025-11-12 08:57:17.240] === END REQUEST ===
[2025-11-12 08:57:17.240] 
[2025-11-12 08:57:18.241] === MAILEROO API REQUEST ===
[2025-11-12 08:57:18.241] Endpoint: https://smtp.maileroo.com/api/v2/emails
[2025-11-12 08:57:18.241] JSON Payload: {"subject":"Ham!","from":{"address":"spammer@0f6a1e97319a8c0a.maileroo.org"},"html":"\u003chtml\u003e\u003cbody\u003e\u003ch1\u003eHam Spam #2\u003c/h1\u003e\u003cp\u003eSent at Wed Nov 12 08:57:18 GMT 2025\u003c/p\u003e\u003c/body\u003e\u003c/html\u003e","to":{"address":"benhouse1242@gmail.com"}}
[2025-11-12 08:57:20.310] Response Status: 200
[2025-11-12 08:57:20.310] Response Body: {"data":{"reference_id":"2aaf5c540fd1c03554656ac8"},"message":"The email has been queued for delivery.","success":true}
[2025-11-12 08:57:20.310] === END REQUEST ===
[2025-11-12 08:57:20.310] 
[2025-11-12 08:57:21.311] === MAILEROO API REQUEST ===
[2025-11-12 08:57:21.312] Endpoint: https://smtp.maileroo.com/api/v2/emails
[2025-11-12 08:57:21.312] JSON Payload: {"subject":"Ham!","from":{"address":"spammer@0f6a1e97319a8c0a.maileroo.org"},"html":"\u003chtml\u003e\u003cbody\u003e\u003ch1\u003eHam Spam #3\u003c/h1\u003e\u003cp\u003eSent at Wed Nov 12 08:57:21 GMT 2025\u003c/p\u003e\u003c/body\u003e\u003c/html\u003e","to":{"address":"benhouse1242@gmail.com"}}
[2025-11-12 08:57:24.432] Response Status: 200
[2025-11-12 08:57:24.432] Response Body: {"data":{"reference_id":"f9d9ac3325328dc19d4452ed"},"message":"The email has been queued for delivery.","success":true}
[2025-11-12 08:57:24.432] === END REQUEST ===
[2025-11-12 08:57:24.432] 
[2025-11-12 08:57:25.433] === MAILEROO API REQUEST ===
[2025-11-12 08:57:25.433] Endpoint: https://smtp.maileroo.com/api/v2/emails
[2025-11-12 08:57:25.433] JSON Payload: {"subject":"Ham!","from":{"address":"spammer@0f6a1e97319a8c0a.maileroo.org"},"html":"\u003chtml\u003e\u003cbody\u003e\u003ch1\u003eHam Spam #4\u003c/h1\u003e\u003cp\u003eSent at Wed Nov 12 08:57:25 GMT 2025\u003c/p\u003e\u003c/body\u003e\u003c/html\u003e","to":{"address":"benhouse1242@gmail.com"}}
[2025-11-12 08:57:28.222] Response Status: 200
[2025-11-12 08:57:28.222] Response Body: {"data":{"reference_id":"056acd471a6329a1753bc8f5"},"message":"The email has been queued for delivery.","success":true}
[2025-11-12 08:57:28.222] === END REQUEST ===
[2025-11-12 08:57:28.222] 
[2025-11-12 08:57:29.223] === MAILEROO API REQUEST ===
[2025-11-12 08:57:29.223] Endpoint: https://smtp.maileroo.com/api/v2/emails
[2025-11-12 08:57:29.223] JSON Payload: {"subject":"Ham!","from":{"address":"spammer@0f6a1e97319a8c0a.maileroo.org"},"html":"\u003chtml\u003e\u003cbody\u003e\u003ch1\u003eHam Spam #5\u003c/h1\u003e\u003cp\u003eSent at Wed Nov 12 08:57:29 GMT 2025\u003c/p\u003e\u003c/body\u003e\u003c/html\u003e","to":{"address":"benhouse1242@gmail.com"}}
[2025-11-12 08:57:32.169] Response Status: 200
[2025-11-12 08:57:32.170] Response Body: {"data":{"reference_id":"681702ac5028391b4d937978"},"message":"The email has been queued for delivery.","success":true}
[2025-11-12 08:57:32.170] === END REQUEST ===
[2025-11-12 08:57:32.170] 
[2025-11-12 08:57:33.171] === MAILEROO API REQUEST ===
[2025-11-12 08:57:33.172] Endpoint: https://smtp.maileroo.com/api/v2/emails
[2025-11-12 08:57:33.172] JSON Payload: {"subject":"Ham!","from":{"address":"spammer@0f6a1e97319a8c0a.maileroo.org"},"html":"\u003chtml\u003e\u003cbody\u003e\u003ch1\u003eHam Spam #6\u003c/h1\u003e\u003cp\u003eSent at Wed Nov 12 08:57:33 GMT 2025\u003c/p\u003e\u003c/body\u003e\u003c/html\u003e","to":{"address":"benhouse1242@gmail.com"}}
[2025-11-12 08:57:35.266] Response Status: 200
[2025-11-12 08:57:35.266] Response Body: {"data":{"reference_id":"f40f72f3bb8efe7396fc32cc"},"message":"The email has been queued for delivery.","success":true}
[2025-11-12 08:57:35.266] === END REQUEST ===
[2025-11-12 08:57:35.267] 
[2025-11-12 08:57:36.267] === MAILEROO API REQUEST ===
[2025-11-12 08:57:36.267] Endpoint: https://smtp.maileroo.com/api/v2/emails
[2025-11-12 08:57:36.267] JSON Payload: {"subject":"Ham!","from":{"address":"spammer@0f6a1e97319a8c0a.maileroo.org"},"html":"\u003chtml\u003e\u003cbody\u003e\u003ch1\u003eHam Spam #7\u003c/h1\u003e\u003cp\u003eSent at Wed Nov 12 08:57:36 GMT 2025\u003c/p\u003e\u003c/body\u003e\u003c/html\u003e","to":{"address":"benhouse1242@gmail.com"}}
[2025-11-12 08:57:47.426] Response Status: 200
[2025-11-12 08:57:47.427] Response Body: {"data":{"reference_id":"c00a0715e925560142ea98b1"},"message":"The email has been queued for delivery.","success":true}
[2025-11-12 08:57:47.427] === END REQUEST ===
[2025-11-12 08:57:47.427] 
[2025-11-12 08:57:48.428] === MAILEROO API REQUEST ===
[2025-11-12 08:57:48.428] Endpoint: https://smtp.maileroo.com/api/v2/emails
[2025-11-12 08:57:48.428] JSON Payload: {"subject":"Ham!","from":{"address":"spammer@0f6a1e97319a8c0a.maileroo.org"},"html":"\u003chtml\u003e\u003cbody\u003e\u003ch1\u003eHam Spam #8\u003c/h1\u003e\u003cp\u003eSent at Wed Nov 12 08:57:48 GMT 2025\u003c/p\u003e\u003c/body\u003e\u003c/html\u003e","to":{"address":"benhouse1242@gmail.com"}}
[2025-11-12 08:57:54.540] Response Status: 200
[2025-11-12 08:57:54.541] Response Body: {"data":{"reference_id":"3719871d785380b696b58f5e"},"message":"The email has been queued for delivery.","success":true}
[2025-11-12 08:57:54.541] === END REQUEST ===
[2025-11-12 08:57:54.541] 
[2025-11-12 08:57:55.541] === MAILEROO API REQUEST ===
[2025-11-12 08:57:55.542] Endpoint: https://smtp.maileroo.com/api/v2/emails
[2025-11-12 08:57:55.542] JSON Payload: {"subject":"Ham!","from":{"address":"spammer@0f6a1e97319a8c0a.maileroo.org"},"html":"\u003chtml\u003e\u003cbody\u003e\u003ch1\u003eHam Spam #9\u003c/h1\u003e\u003cp\u003eSent at Wed Nov 12 08:57:55 GMT 2025\u003c/p\u003e\u003c/body\u003e\u003c/html\u003e","to":{"address":"benhouse1242@gmail.com"}}
[2025-11-12 08:57:57.801] Response Status: 200
[2025-11-12 08:57:57.801] Response Body: {"data":{"reference_id":"1c96b43dc4ae926689569888"},"message":"The email has been queued for delivery.","success":true}
[2025-11-12 08:57:57.801] === END REQUEST ===
[2025-11-12 08:57:57.801] 
[2025-11-12 08:57:58.802] === MAILEROO API REQUEST ===
[2025-11-12 08:57:58.802] Endpoint: https://smtp.maileroo.com/api/v2/emails
[2025-11-12 08:57:58.802] JSON Payload: {"subject":"Ham!","from":{"address":"spammer@0f6a1e97319a8c0a.maileroo.org"},"html":"\u003chtml\u003e\u003cbody\u003e\u003ch1\u003eHam Spam #10\u003c/h1\u003e\u003cp\u003eSent at Wed Nov 12 08:57:58 GMT 2025\u003c/p\u003e\u003c/body\u003e\u003c/html\u003e","to":{"address":"benhouse1242@gmail.com"}}
[2025-11-12 08:58:02.127] Response Status: 200
[2025-11-12 08:58:02.127] Response Body: {"data":{"reference_id":"328955a9a1e61d578cd309da"},"message":"The email has been queued for delivery.","success":true}
[2025-11-12 08:58:02.127] === END REQUEST ===
[2025-11-12 08:58:02.127] 
[2025-11-12 08:58:03.128] === MAILEROO API REQUEST ===
[2025-11-12 08:58:03.128] Endpoint: https://smtp.maileroo.com/api/v2/emails
[2025-11-12 08:58:03.128] JSON Payload: {"subject":"Ham!","from":{"address":"spammer@0f6a1e97319a8c0a.maileroo.org"},"html":"\u003chtml\u003e\u003cbody\u003e\u003ch1\u003eHam Spam #11\u003c/h1\u003e\u003cp\u003eSent at Wed Nov 12 08:58:03 GMT 2025\u003c/p\u003e\u003c/body\u003e\u003c/html\u003e","to":{"address":"benhouse1242@gmail.com"}}
[2025-11-12 08:59:46.837] === MAILEROO API REQUEST ===
[2025-11-12 08:59:46.838] Endpoint: https://smtp.maileroo.com/api/v2/emails
[2025-11-12 08:59:46.839] JSON Payload: {"subject":"Ham # 1","from":{"address":"spammer@0f6a1e97319a8c0a.maileroo.org"},"html":"\u003chtml\u003e\u003cbody\u003e\u003ch1\u003eTest Email #1\u003c/h1\u003e\u003cp\u003eSent at Wed Nov 12 08:59:46 GMT 2025\u003c/p\u003e\u003c/body\u003e\u003c/html\u003e","to":{"address":"nivim68827@etramay.com"}}
[2025-11-12 08:59:48.089] Response Status: 200
[2025-11-12 08:59:48.090] Response Body: {"data":{"reference_id":"50c5628bccec9468143c87f5"},"message":"The email has been queued for delivery.","success":true}
[2025-11-12 08:59:48.090] === END REQUEST ===
[2025-11-12 08:59:48.090] 
[2025-11-12 08:59:49.092] === MAILEROO API REQUEST ===
[2025-11-12 08:59:49.092] Endpoint: https://smtp.maileroo.com/api/v2/emails
[2025-11-12 08:59:49.092] JSON Payload: {"subject":"Ham # 2","from":{"address":"spammer@0f6a1e97319a8c0a.maileroo.org"},"html":"\u003chtml\u003e\u003cbody\u003e\u003ch1\u003eTest Email #2\u003c/h1\u003e\u003cp\u003eSent at Wed Nov 12 08:59:49 GMT 2025\u003c/p\u003e\u003c/body\u003e\u003c/html\u003e","to":{"address":"nivim68827@etramay.com"}}
[2025-11-12 08:59:49.448] Response Status: 200
[2025-11-12 08:59:49.448] Response Body: {"data":{"reference_id":"cfc28463e88e018086547540"},"message":"The email has been queued for delivery.","success":true}
[2025-11-12 08:59:49.448] === END REQUEST ===
[2025-11-12 08:59:49.448] 
[2025-11-12 08:59:50.449] === MAILEROO API REQUEST ===
[2025-11-12 08:59:50.449] Endpoint: https://smtp.maileroo.com/api/v2/emails
[2025-11-12 08:59:50.450] JSON Payload: {"subject":"Ham # 3","from":{"address":"spammer@0f6a1e97319a8c0a.maileroo.org"},"html":"\u003chtml\u003e\u003cbody\u003e\u003ch1\u003eTest Email #3\u003c/h1\u003e\u003cp\u003eSent at Wed Nov 12 08:59:50 GMT 2025\u003c/p\u003e\u003c/body\u003e\u003c/html\u003e","to":{"address":"nivim68827@etramay.com"}}
[2025-11-12 08:59:50.775] Response Status: 200
[2025-11-12 08:59:50.776] Response Body: {"data":{"reference_id":"6d35565e114af5de25805ecb"},"message":"The email has been queued for delivery.","success":true}
[2025-11-12 08:59:50.776] === END REQUEST ===
[2025-11-12 08:59:50.776] 
[2025-11-12 08:59:51.777] === MAILEROO API REQUEST ===
[2025-11-12 08:59:51.777] Endpoint: https://smtp.maileroo.com/api/v2/emails
[2025-11-12 08:59:51.777] JSON Payload: {"subject":"Ham # 4","from":{"address":"spammer@0f6a1e97319a8c0a.maileroo.org"},"html":"\u003chtml\u003e\u003cbody\u003e\u003ch1\u003eTest Email #4\u003c/h1\u003e\u003cp\u003eSent at Wed Nov 12 08:59:51 GMT 2025\u003c/p\u003e\u003c/body\u003e\u003c/html\u003e","to":{"address":"nivim68827@etramay.com"}}
[2025-11-12 08:59:51.955] Response Status: 200
[2025-11-12 08:59:51.955] Response Body: {"data":{"reference_id":"088429c1f85d86c25b7d04ad"},"message":"The email has been queued for delivery.","success":true}
[2025-11-12 08:59:51.955] === END REQUEST ===
[2025-11-12 08:59:51.956] 
[2025-11-12 08:59:52.956] === MAILEROO API REQUEST ===
[2025-11-12 08:59:52.957] Endpoint: https://smtp.maileroo.com/api/v2/emails
[2025-11-12 08:59:52.957] JSON Payload: {"subject":"Ham # 5","from":{"address":"spammer@0f6a1e97319a8c0a.maileroo.org"},"html":"\u003chtml\u003e\u003cbody\u003e\u003ch1\u003eTest Email #5\u003c/h1\u003e\u003cp\u003eSent at Wed Nov 12 08:59:52 GMT 2025\u003c/p\u003e\u003c/body\u003e\u003c/html\u003e","to":{"address":"nivim68827@etramay.com"}}
[2025-11-12 08:59:53.137] Response Status: 200
[2025-11-12 08:59:53.137] Response Body: {"data":{"reference_id":"597f1d0ef1145912e53b926e"},"message":"The email has been queued for delivery.","success":true}
[2025-11-12 08:59:53.138] === END REQUEST ===
[2025-11-12 08:59:53.138] 
[2025-11-12 08:59:54.138] === MAILEROO API REQUEST ===
[2025-11-12 08:59:54.139] Endpoint: https://smtp.maileroo.com/api/v2/emails
[2025-11-12 08:59:54.139] JSON Payload: {"subject":"Ham # 6","from":{"address":"spammer@0f6a1e97319a8c0a.maileroo.org"},"html":"\u003chtml\u003e\u003cbody\u003e\u003ch1\u003eTest Email #6\u003c/h1\u003e\u003cp\u003eSent at Wed Nov 12 08:59:54 GMT 2025\u003c/p\u003e\u003c/body\u003e\u003c/html\u003e","to":{"address":"nivim68827@etramay.com"}}
[2025-11-12 08:59:55.084] Response Status: 200
[2025-11-12 08:59:55.084] Response Body: {"data":{"reference_id":"7b33ce2eaf5ac3e80e44e361"},"message":"The email has been queued for delivery.","success":true}
[2025-11-12 08:59:55.084] === END REQUEST ===
[2025-11-12 08:59:55.084] 
[2025-11-12 08:59:56.085] === MAILEROO API REQUEST ===
[2025-11-12 08:59:56.086] Endpoint: https://smtp.maileroo.com/api/v2/emails
[2025-11-12 08:59:56.087] JSON Payload: {"subject":"Ham # 7","from":{"address":"spammer@0f6a1e97319a8c0a.maileroo.org"},"html":"\u003chtml\u003e\u003cbody\u003e\u003ch1\u003eTest Email #7\u003c/h1\u003e\u003cp\u003eSent at Wed Nov 12 08:59:56 GMT 2025\u003c/p\u003e\u003c/body\u003e\u003c/html\u003e","to":{"address":"nivim68827@etramay.com"}}
[2025-11-12 08:59:58.004] Response Status: 200
[2025-11-12 08:59:58.005] Response Body: {"data":{"reference_id":"3d2758a0292ff6e53929fe00"},"message":"The email has been queued for delivery.","success":true}
[2025-11-12 08:59:58.005] === END REQUEST ===
[2025-11-12 08:59:58.005] 
[2025-11-12 08:59:59.005] === MAILEROO API REQUEST ===
[2025-11-12 08:59:59.005] Endpoint: https://smtp.maileroo.com/api/v2/emails
[2025-11-12 08:59:59.006] JSON Payload: {"subject":"Ham # 8","from":{"address":"spammer@0f6a1e97319a8c0a.maileroo.org"},"html":"\u003chtml\u003e\u003cbody\u003e\u003ch1\u003eTest Email #8\u003c/h1\u003e\u003cp\u003eSent at Wed Nov 12 08:59:59 GMT 2025\u003c/p\u003e\u003c/body\u003e\u003c/html\u003e","to":{"address":"nivim68827@etramay.com"}}
[2025-11-12 08:59:59.081] Response Status: 200
[2025-11-12 08:59:59.082] Response Body: {"data":{"reference_id":"c081aeae5c16675003d688ff"},"message":"The email has been queued for delivery.","success":true}
[2025-11-12 08:59:59.082] === END REQUEST ===
[2025-11-12 08:59:59.083] 
[2025-11-12 09:00:00.084] === MAILEROO API REQUEST ===
[2025-11-12 09:00:00.084] Endpoint: https://smtp.maileroo.com/api/v2/emails
[2025-11-12 09:00:00.084] JSON Payload: {"subject":"Ham # 9","from":{"address":"spammer@0f6a1e97319a8c0a.maileroo.org"},"html":"\u003chtml\u003e\u003cbody\u003e\u003ch1\u003eTest Email #9\u003c/h1\u003e\u003cp\u003eSent at Wed Nov 12 09:00:00 GMT 2025\u003c/p\u003e\u003c/body\u003e\u003c/html\u003e","to":{"address":"nivim68827@etramay.com"}}
[2025-11-12 09:00:00.331] Response Status: 200
[2025-11-12 09:00:00.332] Response Body: {"data":{"reference_id":"143b13aedebe0ec28a452eb9"},"message":"The email has been queued for delivery.","success":true}
[2025-11-12 09:00:00.332] === END REQUEST ===
[2025-11-12 09:00:00.332] 
[2025-11-12 09:00:01.332] === MAILEROO API REQUEST ===
[2025-11-12 09:00:01.333] Endpoint: https://smtp.maileroo.com/api/v2/emails
[2025-11-12 09:00:01.333] JSON Payload: {"subject":"Ham # 10","from":{"address":"spammer@0f6a1e97319a8c0a.maileroo.org"},"html":"\u003chtml\u003e\u003cbody\u003e\u003ch1\u003eTest Email #10\u003c/h1\u003e\u003cp\u003eSent at Wed Nov 12 09:00:01 GMT 2025\u003c/p\u003e\u003c/body\u003e\u003c/html\u003e","to":{"address":"nivim68827@etramay.com"}}
[2025-11-12 09:00:01.433] Response Status: 200
[2025-11-12 09:00:01.433] Response Body: {"data":{"reference_id":"c3b12d3dd7d86d6085f1cf3e"},"message":"The email has been queued for delivery.","success":true}
[2025-11-12 09:00:01.433] === END REQUEST ===
[2025-11-12 09:00:01.433] 
[2025-11-12 09:00:02.434] === MAILEROO API REQUEST ===
[2025-11-12 09:00:02.434] Endpoint: https://smtp.maileroo.com/api/v2/emails
[2025-11-12 09:00:02.434] JSON Payload: {"subject":"Ham # 11","from":{"address":"spammer@0f6a1e97319a8c0a.maileroo.org"},"html":"\u003chtml\u003e\u003cbody\u003e\u003ch1\u003eTest Email #11\u003c/h1\u003e\u003cp\u003eSent at Wed Nov 12 09:00:02 GMT 2025\u003c/p\u003e\u003c/body\u003e\u003c/html\u003e","to":{"address":"nivim68827@etramay.com"}}
[2025-11-12 09:00:02.740] Response Status: 200
[2025-11-12 09:00:02.740] Response Body: {"data":{"reference_id":"90f5ca974d24fcea47fdfa9e"},"message":"The email has been queued for delivery.","success":true}
[2025-11-12 09:00:02.741] === END REQUEST ===
[2025-11-12 09:00:02.741] 
[2025-11-12 09:00:03.741] === MAILEROO API REQUEST ===
[2025-11-12 09:00:03.742] Endpoint: https://smtp.maileroo.com/api/v2/emails
[2025-11-12 09:00:03.742] JSON Payload: {"subject":"Ham # 12","from":{"address":"spammer@0f6a1e97319a8c0a.maileroo.org"},"html":"\u003chtml\u003e\u003cbody\u003e\u003ch1\u003eTest Email #12\u003c/h1\u003e\u003cp\u003eSent at Wed Nov 12 09:00:03 GMT 2025\u003c/p\u003e\u003c/body\u003e\u003c/html\u003e","to":{"address":"nivim68827@etramay.com"}}
[2025-11-12 09:00:04.013] Response Status: 200
[2025-11-12 09:00:04.013] Response Body: {"data":{"reference_id":"c2987cc7585ae979529c5fe8"},"message":"The email has been queued for delivery.","success":true}
[2025-11-12 09:00:04.013] === END REQUEST ===
[2025-11-12 09:00:04.013] 
[2025-11-12 09:00:05.014] === MAILEROO API REQUEST ===
[2025-11-12 09:00:05.015] Endpoint: https://smtp.maileroo.com/api/v2/emails
[2025-11-12 09:00:05.015] JSON Payload: {"subject":"Ham # 13","from":{"address":"spammer@0f6a1e97319a8c0a.maileroo.org"},"html":"\u003chtml\u003e\u003cbody\u003e\u003ch1\u003eTest Email #13\u003c/h1\u003e\u003cp\u003eSent at Wed Nov 12 09:00:05 GMT 2025\u003c/p\u003e\u003c/body\u003e\u003c/html\u003e","to":{"address":"nivim68827@etramay.com"}}
[2025-11-12 09:00:05.184] Response Status: 200
[2025-11-12 09:00:05.184] Response Body: {"data":{"reference_id":"bfcfa74d681e6bf80376c245"},"message":"The email has been queued for delivery.","success":true}
[2025-11-12 09:00:05.185] === END REQUEST ===
[2025-11-12 09:00:05.185] 
[2025-11-12 09:00:06.187] === MAILEROO API REQUEST ===
[2025-11-12 09:00:06.187] Endpoint: https://smtp.maileroo.com/api/v2/emails
[2025-11-12 09:00:06.187] JSON Payload: {"subject":"Ham # 14","from":{"address":"spammer@0f6a1e97319a8c0a.maileroo.org"},"html":"\u003chtml\u003e\u003cbody\u003e\u003ch1\u003eTest Email #14\u003c/h1\u003e\u003cp\u003eSent at Wed Nov 12 09:00:06 GMT 2025\u003c/p\u003e\u003c/body\u003e\u003c/html\u003e","to":{"address":"nivim68827@etramay.com"}}
[2025-11-12 09:00:06.272] Response Status: 200
[2025-11-12 09:00:06.273] Response Body: {"data":{"reference_id":"4dcdf596c439ce6244724858"},"message":"The email has been queued for delivery.","success":true}
[2025-11-12 09:00:06.273] === END REQUEST ===
[2025-11-12 09:00:06.273] 
[2025-11-12 09:00:07.274] === MAILEROO API REQUEST ===
[2025-11-12 09:00:07.274] Endpoint: https://smtp.maileroo.com/api/v2/emails
[2025-11-12 09:00:07.274] JSON Payload: {"subject":"Ham # 15","from":{"address":"spammer@0f6a1e97319a8c0a.maileroo.org"},"html":"\u003chtml\u003e\u003cbody\u003e\u003ch1\u003eTest Email #15\u003c/h1\u003e\u003cp\u003eSent at Wed Nov 12 09:00:07 GMT 2025\u003c/p\u003e\u003c/body\u003e\u003c/html\u003e","to":{"address":"nivim68827@etramay.com"}}
[2025-11-12 09:00:07.398] Response Status: 200
[2025-11-12 09:00:07.398] Response Body: {"data":{"reference_id":"634a62323c4e29fa942998d7"},"message":"The email has been queued for delivery.","success":true}
[2025-11-12 09:00:07.398] === END REQUEST ===
[2025-11-12 09:00:07.398] 
[2025-11-12 09:00:08.399] === MAILEROO API REQUEST ===
[2025-11-12 09:00:08.399] Endpoint: https://smtp.maileroo.com/api/v2/emails
[2025-11-12 09:00:08.399] JSON Payload: {"subject":"Ham # 16","from":{"address":"spammer@0f6a1e97319a8c0a.maileroo.org"},"html":"\u003chtml\u003e\u003cbody\u003e\u003ch1\u003eTest Email #16\u003c/h1\u003e\u003cp\u003eSent at Wed Nov 12 09:00:08 GMT 2025\u003c/p\u003e\u003c/body\u003e\u003c/html\u003e","to":{"address":"nivim68827@etramay.com"}}
[2025-11-12 09:00:08.525] Response Status: 200
[2025-11-12 09:00:08.525] Response Body: {"data":{"reference_id":"989343a490109c3c837e124e"},"message":"The email has been queued for delivery.","success":true}
[2025-11-12 09:00:08.525] === END REQUEST ===
[2025-11-12 09:00:08.525] 
[2025-11-12 09:00:09.526] === MAILEROO API REQUEST ===
[2025-11-12 09:00:09.526] Endpoint: https://smtp.maileroo.com/api/v2/emails
[2025-11-12 09:00:09.526] JSON Payload: {"subject":"Ham # 17","from":{"address":"spammer@0f6a1e97319a8c0a.maileroo.org"},"html":"\u003chtml\u003e\u003cbody\u003e\u003ch1\u003eTest Email #17\u003c/h1\u003e\u003cp\u003eSent at Wed Nov 12 09:00:09 GMT 2025\u003c/p\u003e\u003c/body\u003e\u003c/html\u003e","to":{"address":"nivim68827@etramay.com"}}
[2025-11-12 09:00:10.324] Response Status: 200
[2025-11-12 09:00:10.325] Response Body: {"data":{"reference_id":"a443943bf7e9fbb3c3fcdd38"},"message":"The email has been queued for delivery.","success":true}
[2025-11-12 09:00:10.325] === END REQUEST ===
[2025-11-12 09:00:10.326] 
[2025-11-12 09:00:11.326] === MAILEROO API REQUEST ===
[2025-11-12 09:00:11.326] Endpoint: https://smtp.maileroo.com/api/v2/emails
[2025-11-12 09:00:11.327] JSON Payload: {"subject":"Ham # 18","from":{"address":"spammer@0f6a1e97319a8c0a.maileroo.org"},"html":"\u003chtml\u003e\u003cbody\u003e\u003ch1\u003eTest Email #18\u003c/h1\u003e\u003cp\u003eSent at Wed Nov 12 09:00:11 GMT 2025\u003c/p\u003e\u003c/body\u003e\u003c/html\u003e","to":{"address":"nivim68827@etramay.com"}}
[2025-11-12 09:00:11.448] Response Status: 200
[2025-11-12 09:00:11.448] Response Body: {"data":{"reference_id":"b807e523a9a0bdc85c62abf6"},"message":"The email has been queued for delivery.","success":true}
[2025-11-12 09:00:11.449] === END REQUEST ===
[2025-11-12 09:00:11.449] 
[2025-11-12 09:00:12.449] === MAILEROO API REQUEST ===
[2025-11-12 09:00:12.449] Endpoint: https://smtp.maileroo.com/api/v2/emails
[2025-11-12 09:00:12.449] JSON Payload: {"subject":"Ham # 19","from":{"address":"spammer@0f6a1e97319a8c0a.maileroo.org"},"html":"\u003chtml\u003e\u003cbody\u003e\u003ch1\u003eTest Email #19\u003c/h1\u003e\u003cp\u003eSent at Wed Nov 12 09:00:12 GMT 2025\u003c/p\u003e\u003c/body\u003e\u003c/html\u003e","to":{"address":"nivim68827@etramay.com"}}
[2025-11-12 09:00:12.643] Response Status: 200
[2025-11-12 09:00:12.643] Response Body: {"data":{"reference_id":"8ba4eaa7f40b9fe68d5aa7ec"},"message":"The email has been queued for delivery.","success":true}
[2025-11-12 09:00:12.643] === END REQUEST ===
[2025-11-12 09:00:12.643] 
[2025-11-12 09:00:13.644] === MAILEROO API REQUEST ===
[2025-11-12 09:00:13.644] Endpoint: https://smtp.maileroo.com/api/v2/emails
[2025-11-12 09:00:13.644] JSON Payload: {"subject":"Ham # 20","from":{"address":"spammer@0f6a1e97319a8c0a.maileroo.org"},"html":"\u003chtml\u003e\u003cbody\u003e\u003ch1\u003eTest Email #20\u003c/h1\u003e\u003cp\u003eSent at Wed Nov 12 09:00:13 GMT 2025\u003c/p\u003e\u003c/body\u003e\u003c/html\u003e","to":{"address":"nivim68827@etramay.com"}}
[2025-11-12 09:00:13.971] Response Status: 200
[2025-11-12 09:00:13.971] Response Body: {"data":{"reference_id":"412823001d310b97aa929af9"},"message":"The email has been queued for delivery.","success":true}
[2025-11-12 09:00:13.971] === END REQUEST ===
[2025-11-12 09:00:13.971] 
[2025-11-12 09:00:14.972] === MAILEROO API REQUEST ===
[2025-11-12 09:00:14.972] Endpoint: https://smtp.maileroo.com/api/v2/emails
[2025-11-12 09:00:14.972] JSON Payload: {"subject":"Ham # 21","from":{"address":"spammer@0f6a1e97319a8c0a.maileroo.org"},"html":"\u003chtml\u003e\u003cbody\u003e\u003ch1\u003eTest Email #21\u003c/h1\u003e\u003cp\u003eSent at Wed Nov 12 09:00:14 GMT 2025\u003c/p\u003e\u003c/body\u003e\u003c/html\u003e","to":{"address":"nivim68827@etramay.com"}}
[2025-11-12 09:00:15.182] Response Status: 200
[2025-11-12 09:00:15.183] Response Body: {"data":{"reference_id":"08a82b7a63f3a49d13153131"},"message":"The email has been queued for delivery.","success":true}
[2025-11-12 09:00:15.183] === END REQUEST ===
[2025-11-12 09:00:15.183] 
[2025-11-12 09:00:16.183] === MAILEROO API REQUEST ===
[2025-11-12 09:00:16.183] Endpoint: https://smtp.maileroo.com/api/v2/emails
[2025-11-12 09:00:16.183] JSON Payload: {"subject":"Ham # 22","from":{"address":"spammer@0f6a1e97319a8c0a.maileroo.org"},"html":"\u003chtml\u003e\u003cbody\u003e\u003ch1\u003eTest Email #22\u003c/h1\u003e\u003cp\u003eSent at Wed Nov 12 09:00:16 GMT 2025\u003c/p\u003e\u003c/body\u003e\u003c/html\u003e","to":{"address":"nivim68827@etramay.com"}}
[2025-11-12 09:00:16.366] Response Status: 200
[2025-11-12 09:00:16.367] Response Body: {"data":{"reference_id":"219c030fe04ee60c53b0e01b"},"message":"The email has been queued for delivery.","success":true}
[2025-11-12 09:00:16.367] === END REQUEST ===
[2025-11-12 09:00:16.367] 
[2025-11-12 09:00:17.367] === MAILEROO API REQUEST ===
[2025-11-12 09:00:17.368] Endpoint: https://smtp.maileroo.com/api/v2/emails
[2025-11-12 09:00:17.368] JSON Payload: {"subject":"Ham # 23","from":{"address":"spammer@0f6a1e97319a8c0a.maileroo.org"},"html":"\u003chtml\u003e\u003cbody\u003e\u003ch1\u003eTest Email #23\u003c/h1\u003e\u003cp\u003eSent at Wed Nov 12 09:00:17 GMT 2025\u003c/p\u003e\u003c/body\u003e\u003c/html\u003e","to":{"address":"nivim68827@etramay.com"}}
[2025-11-12 09:00:17.680] Response Status: 200
[2025-11-12 09:00:17.681] Response Body: {"data":{"reference_id":"25ce44d1be693224278d8206"},"message":"The email has been queued for delivery.","success":true}
[2025-11-12 09:00:17.681] === END REQUEST ===
[2025-11-12 09:00:17.681] 
[2025-11-12 09:00:18.681] === MAILEROO API REQUEST ===
[2025-11-12 09:00:18.682] Endpoint: https://smtp.maileroo.com/api/v2/emails
[2025-11-12 09:00:18.682] JSON Payload: {"subject":"Ham # 24","from":{"address":"spammer@0f6a1e97319a8c0a.maileroo.org"},"html":"\u003chtml\u003e\u003cbody\u003e\u003ch1\u003eTest Email #24\u003c/h1\u003e\u003cp\u003eSent at Wed Nov 12 09:00:18 GMT 2025\u003c/p\u003e\u003c/body\u003e\u003c/html\u003e","to":{"address":"nivim68827@etramay.com"}}
[2025-11-12 09:00:18.933] Response Status: 200
[2025-11-12 09:00:18.933] Response Body: {"data":{"reference_id":"aea531b48a3b08a301a7cbcf"},"message":"The email has been queued for delivery.","success":true}
[2025-11-12 09:00:18.933] === END REQUEST ===
[2025-11-12 09:00:18.933] 
[2025-11-12 09:00:19.934] === MAILEROO API REQUEST ===
[2025-11-12 09:00:19.934] Endpoint: https://smtp.maileroo.com/api/v2/emails
[2025-11-12 09:00:19.934] JSON Payload: {"subject":"Ham # 25","from":{"address":"spammer@0f6a1e97319a8c0a.maileroo.org"},"html":"\u003chtml\u003e\u003cbody\u003e\u003ch1\u003eTest Email #25\u003c/h1\u003e\u003cp\u003eSent at Wed Nov 12 09:00:19 GMT 2025\u003c/p\u003e\u003c/body\u003e\u003c/html\u003e","to":{"address":"nivim68827@etramay.com"}}
[2025-11-12 09:00:20.401] Response Status: 200
[2025-11-12 09:00:20.401] Response Body: {"data":{"reference_id":"0f26bdd2220bf2782ab26802"},"message":"The email has been queued for delivery.","success":true}
[2025-11-12 09:00:20.401] === END REQUEST ===
[2025-11-12 09:00:20.401] 
[2025-11-12 09:00:21.402] === MAILEROO API REQUEST ===
[2025-11-12 09:00:21.402] Endpoint: https://smtp.maileroo.com/api/v2/emails
[2025-11-12 09:00:21.402] JSON Payload: {"subject":"Ham # 26","from":{"address":"spammer@0f6a1e97319a8c0a.maileroo.org"},"html":"\u003chtml\u003e\u003cbody\u003e\u003ch1\u003eTest Email #26\u003c/h1\u003e\u003cp\u003eSent at Wed Nov 12 09:00:21 GMT 2025\u003c/p\u003e\u003c/body\u003e\u003c/html\u003e","to":{"address":"nivim68827@etramay.com"}}
[2025-11-12 09:00:21.884] Response Status: 200
[2025-11-12 09:00:21.884] Response Body: {"data":{"reference_id":"0dfff06e9ec5a2309a3c34f8"},"message":"The email has been queued for delivery.","success":true}
[2025-11-12 09:00:21.884] === END REQUEST ===
[2025-11-12 09:00:21.884] 
[2025-11-12 09:00:22.885] === MAILEROO API REQUEST ===
[2025-11-12 09:00:22.885] Endpoint: https://smtp.maileroo.com/api/v2/emails
[2025-11-12 09:00:22.885] JSON Payload: {"subject":"Ham # 27","from":{"address":"spammer@0f6a1e97319a8c0a.maileroo.org"},"html":"\u003chtml\u003e\u003cbody\u003e\u003ch1\u003eTest Email #27\u003c/h1\u003e\u003cp\u003eSent at Wed Nov 12 09:00:22 GMT 2025\u003c/p\u003e\u003c/body\u003e\u003c/html\u003e","to":{"address":"nivim68827@etramay.com"}}
[2025-11-12 09:00:23.072] Response Status: 200
[2025-11-12 09:00:23.072] Response Body: {"data":{"reference_id":"3ca1c03c7d3989bc0b22c960"},"message":"The email has been queued for delivery.","success":true}
[2025-11-12 09:00:23.072] === END REQUEST ===
[2025-11-12 09:00:23.072] 
[2025-11-12 09:00:24.073] === MAILEROO API REQUEST ===
[2025-11-12 09:00:24.073] Endpoint: https://smtp.maileroo.com/api/v2/emails
[2025-11-12 09:00:24.073] JSON Payload: {"subject":"Ham # 28","from":{"address":"spammer@0f6a1e97319a8c0a.maileroo.org"},"html":"\u003chtml\u003e\u003cbody\u003e\u003ch1\u003eTest Email #28\u003c/h1\u003e\u003cp\u003eSent at Wed Nov 12 09:00:24 GMT 2025\u003c/p\u003e\u003c/body\u003e\u003c/html\u003e","to":{"address":"nivim68827@etramay.com"}}
[2025-11-12 09:00:24.204] Response Status: 200
[2025-11-12 09:00:24.205] Response Body: {"data":{"reference_id":"a231d46077c256904fb8a1fd"},"message":"The email has been queued for delivery.","success":true}
[2025-11-12 09:00:24.205] === END REQUEST ===
[2025-11-12 09:00:24.205] 
[2025-11-12 09:00:25.205] === MAILEROO API REQUEST ===
[2025-11-12 09:00:25.206] Endpoint: https://smtp.maileroo.com/api/v2/emails
[2025-11-12 09:00:25.206] JSON Payload: {"subject":"Ham # 29","from":{"address":"spammer@0f6a1e97319a8c0a.maileroo.org"},"html":"\u003chtml\u003e\u003cbody\u003e\u003ch1\u003eTest Email #29\u003c/h1\u003e\u003cp\u003eSent at Wed Nov 12 09:00:25 GMT 2025\u003c/p\u003e\u003c/body\u003e\u003c/html\u003e","to":{"address":"nivim68827@etramay.com"}}
[2025-11-12 09:00:25.458] Response Status: 200
[2025-11-12 09:00:25.458] Response Body: {"data":{"reference_id":"ef6c1dc57af2172466166ae9"},"message":"The email has been queued for delivery.","success":true}
[2025-11-12 09:00:25.458] === END REQUEST ===
[2025-11-12 09:00:25.458] 
[2025-11-12 09:00:26.458] === MAILEROO API REQUEST ===
[2025-11-12 09:00:26.459] Endpoint: https://smtp.maileroo.com/api/v2/emails
[2025-11-12 09:00:26.459] JSON Payload: {"subject":"Ham # 30","from":{"address":"spammer@0f6a1e97319a8c0a.maileroo.org"},"html":"\u003chtml\u003e\u003cbody\u003e\u003ch1\u003eTest Email #30\u003c/h1\u003e\u003cp\u003eSent at Wed Nov 12 09:00:26 GMT 2025\u003c/p\u003e\u003c/body\u003e\u003c/html\u003e","to":{"address":"nivim68827@etramay.com"}}
[2025-11-12 09:00:26.732] Response Status: 200
[2025-11-12 09:00:26.732] Response Body: {"data":{"reference_id":"966db45d55f65b25eb3c4f94"},"message":"The email has been queued for delivery.","success":true}
[2025-11-12 09:00:26.732] === END REQUEST ===
[2025-11-12 09:00:26.733] 
[2025-11-12 09:00:27.733] === MAILEROO API REQUEST ===
[2025-11-12 09:00:27.733] Endpoint: https://smtp.maileroo.com/api/v2/emails
[2025-11-12 09:00:27.733] JSON Payload: {"subject":"Ham # 31","from":{"address":"spammer@0f6a1e97319a8c0a.maileroo.org"},"html":"\u003chtml\u003e\u003cbody\u003e\u003ch1\u003eTest Email #31\u003c/h1\u003e\u003cp\u003eSent at Wed Nov 12 09:00:27 GMT 2025\u003c/p\u003e\u003c/body\u003e\u003c/html\u003e","to":{"address":"nivim68827@etramay.com"}}
[2025-11-12 09:00:27.996] Response Status: 200
[2025-11-12 09:00:27.996] Response Body: {"data":{"reference_id":"4e18d63de70546be99f5ef8f"},"message":"The email has been queued for delivery.","success":true}
[2025-11-12 09:00:27.996] === END REQUEST ===
[2025-11-12 09:00:27.996] 
[2025-11-12 09:00:28.997] === MAILEROO API REQUEST ===
[2025-11-12 09:00:28.997] Endpoint: https://smtp.maileroo.com/api/v2/emails
[2025-11-12 09:00:28.997] JSON Payload: {"subject":"Ham # 32","from":{"address":"spammer@0f6a1e97319a8c0a.maileroo.org"},"html":"\u003chtml\u003e\u003cbody\u003e\u003ch1\u003eTest Email #32\u003c/h1\u003e\u003cp\u003eSent at Wed Nov 12 09:00:28 GMT 2025\u003c/p\u003e\u003c/body\u003e\u003c/html\u003e","to":{"address":"nivim68827@etramay.com"}}
[2025-11-12 09:00:29.123] Response Status: 200
[2025-11-12 09:00:29.124] Response Body: {"data":{"reference_id":"1838c1fdbea3e145690362ff"},"message":"The email has been queued for delivery.","success":true}
[2025-11-12 09:00:29.124] === END REQUEST ===
[2025-11-12 09:00:29.124] 
[2025-11-12 09:00:30.124] === MAILEROO API REQUEST ===
[2025-11-12 09:00:30.124] Endpoint: https://smtp.maileroo.com/api/v2/emails
[2025-11-12 09:00:30.124] JSON Payload: {"subject":"Ham # 33","from":{"address":"spammer@0f6a1e97319a8c0a.maileroo.org"},"html":"\u003chtml\u003e\u003cbody\u003e\u003ch1\u003eTest Email #33\u003c/h1\u003e\u003cp\u003eSent at Wed Nov 12 09:00:30 GMT 2025\u003c/p\u003e\u003c/body\u003e\u003c/html\u003e","to":{"address":"nivim68827@etramay.com"}}
[2025-11-12 09:00:30.301] Response Status: 200
[2025-11-12 09:00:30.301] Response Body: {"data":{"reference_id":"d18148dbe3e3b0d922090a23"},"message":"The email has been queued for delivery.","success":true}
[2025-11-12 09:00:30.301] === END REQUEST ===
[2025-11-12 09:00:30.301] 
[2025-11-12 09:00:31.302] === MAILEROO API REQUEST ===
[2025-11-12 09:00:31.302] Endpoint: https://smtp.maileroo.com/api/v2/emails
[2025-11-12 09:00:31.303] JSON Payload: {"subject":"Ham # 34","from":{"address":"spammer@0f6a1e97319a8c0a.maileroo.org"},"html":"\u003chtml\u003e\u003cbody\u003e\u003ch1\u003eTest Email #34\u003c/h1\u003e\u003cp\u003eSent at Wed Nov 12 09:00:31 GMT 2025\u003c/p\u003e\u003c/body\u003e\u003c/html\u003e","to":{"address":"nivim68827@etramay.com"}}
[2025-11-12 09:00:31.611] Response Status: 200
[2025-11-12 09:00:31.611] Response Body: {"data":{"reference_id":"44a3871bb93946d742b16c73"},"message":"The email has been queued for delivery.","success":true}
[2025-11-12 09:00:31.611] === END REQUEST ===
[2025-11-12 09:00:31.611] 
[2025-11-12 09:00:32.611] === MAILEROO API REQUEST ===
[2025-11-12 09:00:32.612] Endpoint: https://smtp.maileroo.com/api/v2/emails
[2025-11-12 09:00:32.612] JSON Payload: {"subject":"Ham # 35","from":{"address":"spammer@0f6a1e97319a8c0a.maileroo.org"},"html":"\u003chtml\u003e\u003cbody\u003e\u003ch1\u003eTest Email #35\u003c/h1\u003e\u003cp\u003eSent at Wed Nov 12 09:00:32 GMT 2025\u003c/p\u003e\u003c/body\u003e\u003c/html\u003e","to":{"address":"nivim68827@etramay.com"}}
[2025-11-12 09:00:32.980] Response Status: 200
[2025-11-12 09:00:32.980] Response Body: {"data":{"reference_id":"7727a3f1c2d887de103695c4"},"message":"The email has been queued for delivery.","success":true}
[2025-11-12 09:00:32.980] === END REQUEST ===
[2025-11-12 09:00:32.980] 
[2025-11-12 09:00:33.981] === MAILEROO API REQUEST ===
[2025-11-12 09:00:33.981] Endpoint: https://smtp.maileroo.com/api/v2/emails
[2025-11-12 09:00:33.981] JSON Payload: {"subject":"Ham # 36","from":{"address":"spammer@0f6a1e97319a8c0a.maileroo.org"},"html":"\u003chtml\u003e\u003cbody\u003e\u003ch1\u003eTest Email #36\u003c/h1\u003e\u003cp\u003eSent at Wed Nov 12 09:00:33 GMT 2025\u003c/p\u003e\u003c/body\u003e\u003c/html\u003e","to":{"address":"nivim68827@etramay.com"}}
[2025-11-12 09:00:34.051] Response Status: 200
[2025-11-12 09:00:34.051] Response Body: {"data":{"reference_id":"cd65f1d489ee9c06b6d9f5f1"},"message":"The email has been queued for delivery.","success":true}
[2025-11-12 09:00:34.051] === END REQUEST ===
[2025-11-12 09:00:34.051] 
[2025-11-12 09:00:35.051] === MAILEROO API REQUEST ===
[2025-11-12 09:00:35.052] Endpoint: https://smtp.maileroo.com/api/v2/emails
[2025-11-12 09:00:35.052] JSON Payload: {"subject":"Ham # 37","from":{"address":"spammer@0f6a1e97319a8c0a.maileroo.org"},"html":"\u003chtml\u003e\u003cbody\u003e\u003ch1\u003eTest Email #37\u003c/h1\u003e\u003cp\u003eSent at Wed Nov 12 09:00:35 GMT 2025\u003c/p\u003e\u003c/body\u003e\u003c/html\u003e","to":{"address":"nivim68827@etramay.com"}}
[2025-11-12 09:00:35.192] Response Status: 200
[2025-11-12 09:00:35.192] Response Body: {"data":{"reference_id":"d0bbede688d46216e55b126a"},"message":"The email has been queued for delivery.","success":true}
[2025-11-12 09:00:35.192] === END REQUEST ===
[2025-11-12 09:00:35.192] 
[2025-11-12 09:00:36.193] === MAILEROO API REQUEST ===
[2025-11-12 09:00:36.193] Endpoint: https://smtp.maileroo.com/api/v2/emails
[2025-11-12 09:00:36.193] JSON Payload: {"subject":"Ham # 38","from":{"address":"spammer@0f6a1e97319a8c0a.maileroo.org"},"html":"\u003chtml\u003e\u003cbody\u003e\u003ch1\u003eTest Email #38\u003c/h1\u003e\u003cp\u003eSent at Wed Nov 12 09:00:36 GMT 2025\u003c/p\u003e\u003c/body\u003e\u003c/html\u003e","to":{"address":"nivim68827@etramay.com"}}
[2025-11-12 09:00:36.248] Response Status: 200
[2025-11-12 09:00:36.248] Response Body: {"data":{"reference_id":"06cc5df98843224ed848e000"},"message":"The email has been queued for delivery.","success":true}
[2025-11-12 09:00:36.248] === END REQUEST ===
[2025-11-12 09:00:36.248] 
[2025-11-12 09:00:37.248] === MAILEROO API REQUEST ===
[2025-11-12 09:00:37.248] Endpoint: https://smtp.maileroo.com/api/v2/emails
[2025-11-12 09:00:37.249] JSON Payload: {"subject":"Ham # 39","from":{"address":"spammer@0f6a1e97319a8c0a.maileroo.org"},"html":"\u003chtml\u003e\u003cbody\u003e\u003ch1\u003eTest Email #39\u003c/h1\u003e\u003cp\u003eSent at Wed Nov 12 09:00:37 GMT 2025\u003c/p\u003e\u003c/body\u003e\u003c/html\u003e","to":{"address":"nivim68827@etramay.com"}}
[2025-11-12 09:00:37.298] Response Status: 200
[2025-11-12 09:00:37.298] Response Body: {"data":{"reference_id":"a9e33b2cf3e181cc08bdb2fb"},"message":"The email has been queued for delivery.","success":true}
[2025-11-12 09:00:37.298] === END REQUEST ===
[2025-11-12 09:00:37.298] 
[2025-11-12 09:00:38.299] === MAILEROO API REQUEST ===
[2025-11-12 09:00:38.299] Endpoint: https://smtp.maileroo.com/api/v2/emails
[2025-11-12 09:00:38.299] JSON Payload: {"subject":"Ham # 40","from":{"address":"spammer@0f6a1e97319a8c0a.maileroo.org"},"html":"\u003chtml\u003e\u003cbody\u003e\u003ch1\u003eTest Email #40\u003c/h1\u003e\u003cp\u003eSent at Wed Nov 12 09:00:38 GMT 2025\u003c/p\u003e\u003c/body\u003e\u003c/html\u003e","to":{"address":"nivim68827@etramay.com"}}
[2025-11-12 09:00:38.352] Response Status: 200
[2025-11-12 09:00:38.352] Response Body: {"data":{"reference_id":"1fa2cca42bf2c7fd7ce00855"},"message":"The email has been queued for delivery.","success":true}
[2025-11-12 09:00:38.352] === END REQUEST ===
[2025-11-12 09:00:38.352] 
[2025-11-12 09:00:39.352] === MAILEROO API REQUEST ===
[2025-11-12 09:00:39.353] Endpoint: https://smtp.maileroo.com/api/v2/emails
[2025-11-12 09:00:39.353] JSON Payload: {"subject":"Ham # 41","from":{"address":"spammer@0f6a1e97319a8c0a.maileroo.org"},"html":"\u003chtml\u003e\u003cbody\u003e\u003ch1\u003eTest Email #41\u003c/h1\u003e\u003cp\u003eSent at Wed Nov 12 09:00:39 GMT 2025\u003c/p\u003e\u003c/body\u003e\u003c/html\u003e","to":{"address":"nivim68827@etramay.com"}}
[2025-11-12 09:00:39.398] Response Status: 200
[2025-11-12 09:00:39.398] Response Body: {"data":{"reference_id":"5571e98a7911e5211831d341"},"message":"The email has been queued for delivery.","success":true}
[2025-11-12 09:00:39.399] === END REQUEST ===
[2025-11-12 09:00:39.399] 
[2025-11-12 09:00:40.399] === MAILEROO API REQUEST ===
[2025-11-12 09:00:40.399] Endpoint: https://smtp.maileroo.com/api/v2/emails
[2025-11-12 09:00:40.399] JSON Payload: {"subject":"Ham # 42","from":{"address":"spammer@0f6a1e97319a8c0a.maileroo.org"},"html":"\u003chtml\u003e\u003cbody\u003e\u003ch1\u003eTest Email #42\u003c/h1\u003e\u003cp\u003eSent at Wed Nov 12 09:00:40 GMT 2025\u003c/p\u003e\u003c/body\u003e\u003c/html\u003e","to":{"address":"nivim68827@etramay.com"}}
[2025-11-12 09:00:40.458] Response Status: 200
[2025-11-12 09:00:40.458] Response Body: {"data":{"reference_id":"838c8ba79499c29af49e3618"},"message":"The email has been queued for delivery.","success":true}
[2025-11-12 09:00:40.458] === END REQUEST ===
[2025-11-12 09:00:40.459] 
[2025-11-12 09:00:41.459] === MAILEROO API REQUEST ===
[2025-11-12 09:00:41.459] Endpoint: https://smtp.maileroo.com/api/v2/emails
[2025-11-12 09:00:41.459] JSON Payload: {"subject":"Ham # 43","from":{"address":"spammer@0f6a1e97319a8c0a.maileroo.org"},"html":"\u003chtml\u003e\u003cbody\u003e\u003ch1\u003eTest Email #43\u003c/h1\u003e\u003cp\u003eSent at Wed Nov 12 09:00:41 GMT 2025\u003c/p\u003e\u003c/body\u003e\u003c/html\u003e","to":{"address":"nivim68827@etramay.com"}}
[2025-11-12 09:00:41.520] Response Status: 200
[2025-11-12 09:00:41.520] Response Body: {"data":{"reference_id":"be36babcd2a33fed72987dce"},"message":"The email has been queued for delivery.","success":true}
[2025-11-12 09:00:41.520] === END REQUEST ===
[2025-11-12 09:00:41.520] 
[2025-11-12 09:00:42.521] === MAILEROO API REQUEST ===
[2025-11-12 09:00:42.521] Endpoint: https://smtp.maileroo.com/api/v2/emails
[2025-11-12 09:00:42.521] JSON Payload: {"subject":"Ham # 44","from":{"address":"spammer@0f6a1e97319a8c0a.maileroo.org"},"html":"\u003chtml\u003e\u003cbody\u003e\u003ch1\u003eTest Email #44\u003c/h1\u003e\u003cp\u003eSent at Wed Nov 12 09:00:42 GMT 2025\u003c/p\u003e\u003c/body\u003e\u003c/html\u003e","to":{"address":"nivim68827@etramay.com"}}
[2025-11-12 09:00:42.587] Response Status: 200
[2025-11-12 09:00:42.588] Response Body: {"data":{"reference_id":"5360de555f9ce6fb20df1761"},"message":"The email has been queued for delivery.","success":true}
[2025-11-12 09:00:42.588] === END REQUEST ===
[2025-11-12 09:00:42.588] 
[2025-11-12 09:00:43.589] === MAILEROO API REQUEST ===
[2025-11-12 09:00:43.589] Endpoint: https://smtp.maileroo.com/api/v2/emails
[2025-11-12 09:00:43.589] JSON Payload: {"subject":"Ham # 45","from":{"address":"spammer@0f6a1e97319a8c0a.maileroo.org"},"html":"\u003chtml\u003e\u003cbody\u003e\u003ch1\u003eTest Email #45\u003c/h1\u003e\u003cp\u003eSent at Wed Nov 12 09:00:43 GMT 2025\u003c/p\u003e\u003c/body\u003e\u003c/html\u003e","to":{"address":"nivim68827@etramay.com"}}
[2025-11-12 09:00:43.640] Response Status: 200
[2025-11-12 09:00:43.641] Response Body: {"data":{"reference_id":"005db7ca9b7e66471272acea"},"message":"The email has been queued for delivery.","success":true}
[2025-11-12 09:00:43.641] === END REQUEST ===
[2025-11-12 09:00:43.641] 
[2025-11-12 09:00:44.641] === MAILEROO API REQUEST ===
[2025-11-12 09:00:44.641] Endpoint: https://smtp.maileroo.com/api/v2/emails
[2025-11-12 09:00:44.641] JSON Payload: {"subject":"Ham # 46","from":{"address":"spammer@0f6a1e97319a8c0a.maileroo.org"},"html":"\u003chtml\u003e\u003cbody\u003e\u003ch1\u003eTest Email #46\u003c/h1\u003e\u003cp\u003eSent at Wed Nov 12 09:00:44 GMT 2025\u003c/p\u003e\u003c/body\u003e\u003c/html\u003e","to":{"address":"nivim68827@etramay.com"}}
[2025-11-12 09:00:44.854] Response Status: 200
[2025-11-12 09:00:44.854] Response Body: {"data":{"reference_id":"b7020112f939a0ddd8daadb5"},"message":"The email has been queued for delivery.","success":true}
[2025-11-12 09:00:44.854] === END REQUEST ===
[2025-11-12 09:00:44.854] 
[2025-11-12 09:00:45.855] === MAILEROO API REQUEST ===
[2025-11-12 09:00:45.855] Endpoint: https://smtp.maileroo.com/api/v2/emails
[2025-11-12 09:00:45.855] JSON Payload: {"subject":"Ham # 47","from":{"address":"spammer@0f6a1e97319a8c0a.maileroo.org"},"html":"\u003chtml\u003e\u003cbody\u003e\u003ch1\u003eTest Email #47\u003c/h1\u003e\u003cp\u003eSent at Wed Nov 12 09:00:45 GMT 2025\u003c/p\u003e\u003c/body\u003e\u003c/html\u003e","to":{"address":"nivim68827@etramay.com"}}
[2025-11-12 09:00:45.905] Response Status: 200
[2025-11-12 09:00:45.906] Response Body: {"data":{"reference_id":"ea37c2eb8ab757784df85671"},"message":"The email has been queued for delivery.","success":true}
[2025-11-12 09:00:45.906] === END REQUEST ===
[2025-11-12 09:00:45.906] 
[2025-11-12 09:00:46.906] === MAILEROO API REQUEST ===
[2025-11-12 09:00:46.906] Endpoint: https://smtp.maileroo.com/api/v2/emails
[2025-11-12 09:00:46.906] JSON Payload: {"subject":"Ham # 48","from":{"address":"spammer@0f6a1e97319a8c0a.maileroo.org"},"html":"\u003chtml\u003e\u003cbody\u003e\u003ch1\u003eTest Email #48\u003c/h1\u003e\u003cp\u003eSent at Wed Nov 12 09:00:46 GMT 2025\u003c/p\u003e\u003c/body\u003e\u003c/html\u003e","to":{"address":"nivim68827@etramay.com"}}
[2025-11-12 09:00:47.021] Response Status: 200
[2025-11-12 09:00:47.021] Response Body: {"data":{"reference_id":"0e5e4117631c5ac1901350a3"},"message":"The email has been queued for delivery.","success":true}
[2025-11-12 09:00:47.021] === END REQUEST ===
[2025-11-12 09:00:47.021] 
[2025-11-12 09:00:48.021] === MAILEROO API REQUEST ===
[2025-11-12 09:00:48.021] Endpoint: https://smtp.maileroo.com/api/v2/emails
[2025-11-12 09:00:48.021] JSON Payload: {"subject":"Ham # 49","from":{"address":"spammer@0f6a1e97319a8c0a.maileroo.org"},"html":"\u003chtml\u003e\u003cbody\u003e\u003ch1\u003eTest Email #49\u003c/h1\u003e\u003cp\u003eSent at Wed Nov 12 09:00:48 GMT 2025\u003c/p\u003e\u003c/body\u003e\u003c/html\u003e","to":{"address":"nivim68827@etramay.com"}}
[2025-11-12 09:00:48.116] Response Status: 200
[2025-11-12 09:00:48.116] Response Body: {"data":{"reference_id":"eafb5f09dcdac44eb3585edc"},"message":"The email has been queued for delivery.","success":true}
[2025-11-12 09:00:48.116] === END REQUEST ===
[2025-11-12 09:00:48.116] 
[2025-11-12 09:00:49.117] === MAILEROO API REQUEST ===
[2025-11-12 09:00:49.117] Endpoint: https://smtp.maileroo.com/api/v2/emails
[2025-11-12 09:00:49.117] JSON Payload: {"subject":"Ham # 50","from":{"address":"spammer@0f6a1e97319a8c0a.maileroo.org"},"html":"\u003chtml\u003e\u003cbody\u003e\u003ch1\u003eTest Email #50\u003c/h1\u003e\u003cp\u003eSent at Wed Nov 12 09:00:49 GMT 2025\u003c/p\u003e\u003c/body\u003e\u003c/html\u003e","to":{"address":"nivim68827@etramay.com"}}
[2025-11-12 09:00:49.273] Response Status: 200
[2025-11-12 09:00:49.273] Response Body: {"data":{"reference_id":"d189bfc60c96dc6f92c34df2"},"message":"The email has been queued for delivery.","success":true}
[2025-11-12 09:00:49.273] === END REQUEST ===
[2025-11-12 09:00:49.273] 
[2025-11-12 09:00:50.274] === MAILEROO API REQUEST ===
[2025-11-12 09:00:50.274] Endpoint: https://smtp.maileroo.com/api/v2/emails
[2025-11-12 09:00:50.274] JSON Payload: {"subject":"Ham # 51","from":{"address":"spammer@0f6a1e97319a8c0a.maileroo.org"},"html":"\u003chtml\u003e\u003cbody\u003e\u003ch1\u003eTest Email #51\u003c/h1\u003e\u003cp\u003eSent at Wed Nov 12 09:00:50 GMT 2025\u003c/p\u003e\u003c/body\u003e\u003c/html\u003e","to":{"address":"nivim68827@etramay.com"}}
[2025-11-12 09:00:50.412] Response Status: 200
[2025-11-12 09:00:50.412] Response Body: {"data":{"reference_id":"f0ff14ab3b58aa2b0f286698"},"message":"The email has been queued for delivery.","success":true}
[2025-11-12 09:00:50.412] === END REQUEST ===
[2025-11-12 09:00:50.412] 
[2025-11-12 09:00:51.412] === MAILEROO API REQUEST ===
[2025-11-12 09:00:51.413] Endpoint: https://smtp.maileroo.com/api/v2/emails
[2025-11-12 09:00:51.413] JSON Payload: {"subject":"Ham # 52","from":{"address":"spammer@0f6a1e97319a8c0a.maileroo.org"},"html":"\u003chtml\u003e\u003cbody\u003e\u003ch1\u003eTest Email #52\u003c/h1\u003e\u003cp\u003eSent at Wed Nov 12 09:00:51 GMT 2025\u003c/p\u003e\u003c/body\u003e\u003c/html\u003e","to":{"address":"nivim68827@etramay.com"}}
[2025-11-12 09:00:51.525] Response Status: 200
[2025-11-12 09:00:51.525] Response Body: {"data":{"reference_id":"30c7fc0e3f0143c33c15bd71"},"message":"The email has been queued for delivery.","success":true}
[2025-11-12 09:00:51.526] === END REQUEST ===
[2025-11-12 09:00:51.526] 
[2025-11-12 09:00:52.526] === MAILEROO API REQUEST ===
[2025-11-12 09:00:52.526] Endpoint: https://smtp.maileroo.com/api/v2/emails
[2025-11-12 09:00:52.527] JSON Payload: {"subject":"Ham # 53","from":{"address":"spammer@0f6a1e97319a8c0a.maileroo.org"},"html":"\u003chtml\u003e\u003cbody\u003e\u003ch1\u003eTest Email #53\u003c/h1\u003e\u003cp\u003eSent at Wed Nov 12 09:00:52 GMT 2025\u003c/p\u003e\u003c/body\u003e\u003c/html\u003e","to":{"address":"nivim68827@etramay.com"}}
[2025-11-12 09:00:52.579] Response Status: 200
[2025-11-12 09:00:52.579] Response Body: {"data":{"reference_id":"7d190262a5734af97673cfa4"},"message":"The email has been queued for delivery.","success":true}
[2025-11-12 09:00:52.579] === END REQUEST ===
[2025-11-12 09:00:52.579] 
[2025-11-12 09:00:53.579] === MAILEROO API REQUEST ===
[2025-11-12 09:00:53.580] Endpoint: https://smtp.maileroo.com/api/v2/emails
[2025-11-12 09:00:53.580] JSON Payload: {"subject":"Ham # 54","from":{"address":"spammer@0f6a1e97319a8c0a.maileroo.org"},"html":"\u003chtml\u003e\u003cbody\u003e\u003ch1\u003eTest Email #54\u003c/h1\u003e\u003cp\u003eSent at Wed Nov 12 09:00:53 GMT 2025\u003c/p\u003e\u003c/body\u003e\u003c/html\u003e","to":{"address":"nivim68827@etramay.com"}}
[2025-11-12 09:00:53.662] Response Status: 200
[2025-11-12 09:00:53.662] Response Body: {"data":{"reference_id":"bea2bda1dce3d7d549483328"},"message":"The email has been queued for delivery.","success":true}
[2025-11-12 09:00:53.662] === END REQUEST ===
[2025-11-12 09:00:53.662] 
[2025-11-12 09:00:54.663] === MAILEROO API REQUEST ===
[2025-11-12 09:00:54.663] Endpoint: https://smtp.maileroo.com/api/v2/emails
[2025-11-12 09:00:54.663] JSON Payload: {"subject":"Ham # 55","from":{"address":"spammer@0f6a1e97319a8c0a.maileroo.org"},"html":"\u003chtml\u003e\u003cbody\u003e\u003ch1\u003eTest Email #55\u003c/h1\u003e\u003cp\u003eSent at Wed Nov 12 09:00:54 GMT 2025\u003c/p\u003e\u003c/body\u003e\u003c/html\u003e","to":{"address":"nivim68827@etramay.com"}}
[2025-11-12 09:00:54.708] Response Status: 200
[2025-11-12 09:00:54.709] Response Body: {"data":{"reference_id":"95631430fec325b3c4a4f225"},"message":"The email has been queued for delivery.","success":true}
[2025-11-12 09:00:54.709] === END REQUEST ===
[2025-11-12 09:00:54.709] 
[2025-11-12 09:00:55.709] === MAILEROO API REQUEST ===
[2025-11-12 09:00:55.709] Endpoint: https://smtp.maileroo.com/api/v2/emails
[2025-11-12 09:00:55.709] JSON Payload: {"subject":"Ham # 56","from":{"address":"spammer@0f6a1e97319a8c0a.maileroo.org"},"html":"\u003chtml\u003e\u003cbody\u003e\u003ch1\u003eTest Email #56\u003c/h1\u003e\u003cp\u003eSent at Wed Nov 12 09:00:55 GMT 2025\u003c/p\u003e\u003c/body\u003e\u003c/html\u003e","to":{"address":"nivim68827@etramay.com"}}
[2025-11-12 09:00:55.762] Response Status: 200
[2025-11-12 09:00:55.762] Response Body: {"data":{"reference_id":"02d6500194793925f9b6bb0e"},"message":"The email has been queued for delivery.","success":true}
[2025-11-12 09:00:55.762] === END REQUEST ===
[2025-11-12 09:00:55.762] 
[2025-11-12 09:00:56.763] === MAILEROO API REQUEST ===
[2025-11-12 09:00:56.763] Endpoint: https://smtp.maileroo.com/api/v2/emails
[2025-11-12 09:00:56.763] JSON Payload: {"subject":"Ham # 57","from":{"address":"spammer@0f6a1e97319a8c0a.maileroo.org"},"html":"\u003chtml\u003e\u003cbody\u003e\u003ch1\u003eTest Email #57\u003c/h1\u003e\u003cp\u003eSent at Wed Nov 12 09:00:56 GMT 2025\u003c/p\u003e\u003c/body\u003e\u003c/html\u003e","to":{"address":"nivim68827@etramay.com"}}
[2025-11-12 09:00:56.851] Response Status: 200
[2025-11-12 09:00:56.851] Response Body: {"data":{"reference_id":"d7106229824cd72436a4ac7b"},"message":"The email has been queued for delivery.","success":true}
[2025-11-12 09:00:56.851] === END REQUEST ===
[2025-11-12 09:00:56.851] 
[2025-11-12 09:00:57.852] === MAILEROO API REQUEST ===
[2025-11-12 09:00:57.852] Endpoint: https://smtp.maileroo.com/api/v2/emails
[2025-11-12 09:00:57.852] JSON Payload: {"subject":"Ham # 58","from":{"address":"spammer@0f6a1e97319a8c0a.maileroo.org"},"html":"\u003chtml\u003e\u003cbody\u003e\u003ch1\u003eTest Email #58\u003c/h1\u003e\u003cp\u003eSent at Wed Nov 12 09:00:57 GMT 2025\u003c/p\u003e\u003c/body\u003e\u003c/html\u003e","to":{"address":"nivim68827@etramay.com"}}
[2025-11-12 09:00:57.902] Response Status: 200
[2025-11-12 09:00:57.903] Response Body: {"data":{"reference_id":"55a71bb893c91dc70e915aa9"},"message":"The email has been queued for delivery.","success":true}
[2025-11-12 09:00:57.903] === END REQUEST ===
[2025-11-12 09:00:57.903] 
[2025-11-12 09:00:58.904] === MAILEROO API REQUEST ===
[2025-11-12 09:00:58.904] Endpoint: https://smtp.maileroo.com/api/v2/emails
[2025-11-12 09:00:58.904] JSON Payload: {"subject":"Ham # 59","from":{"address":"spammer@0f6a1e97319a8c0a.maileroo.org"},"html":"\u003chtml\u003e\u003cbody\u003e\u003ch1\u003eTest Email #59\u003c/h1\u003e\u003cp\u003eSent at Wed Nov 12 09:00:58 GMT 2025\u003c/p\u003e\u003c/body\u003e\u003c/html\u003e","to":{"address":"nivim68827@etramay.com"}}
[2025-11-12 09:00:59.001] Response Status: 200
[2025-11-12 09:00:59.001] Response Body: {"data":{"reference_id":"14cb9f0adc3af9cf1ae6d6ea"},"message":"The email has been queued for delivery.","success":true}
[2025-11-12 09:00:59.001] === END REQUEST ===
[2025-11-12 09:00:59.001] 
[2025-11-12 09:01:00.002] === MAILEROO API REQUEST ===
[2025-11-12 09:01:00.002] Endpoint: https://smtp.maileroo.com/api/v2/emails
[2025-11-12 09:01:00.002] JSON Payload: {"subject":"Ham # 60","from":{"address":"spammer@0f6a1e97319a8c0a.maileroo.org"},"html":"\u003chtml\u003e\u003cbody\u003e\u003ch1\u003eTest Email #60\u003c/h1\u003e\u003cp\u003eSent at Wed Nov 12 09:01:00 GMT 2025\u003c/p\u003e\u003c/body\u003e\u003c/html\u003e","to":{"address":"nivim68827@etramay.com"}}
[2025-11-12 09:01:00.127] Response Status: 200
[2025-11-12 09:01:00.127] Response Body: {"data":{"reference_id":"dd1f55d07f623ed03f852a56"},"message":"The email has been queued for delivery.","success":true}
[2025-11-12 09:01:00.127] === END REQUEST ===
[2025-11-12 09:01:00.127] 
[2025-11-12 09:01:01.128] === MAILEROO API REQUEST ===
[2025-11-12 09:01:01.128] Endpoint: https://smtp.maileroo.com/api/v2/emails
[2025-11-12 09:01:01.128] JSON Payload: {"subject":"Ham # 61","from":{"address":"spammer@0f6a1e97319a8c0a.maileroo.org"},"html":"\u003chtml\u003e\u003cbody\u003e\u003ch1\u003eTest Email #61\u003c/h1\u003e\u003cp\u003eSent at Wed Nov 12 09:01:01 GMT 2025\u003c/p\u003e\u003c/body\u003e\u003c/html\u003e","to":{"address":"nivim68827@etramay.com"}}
[2025-11-12 09:01:01.254] Response Status: 200
[2025-11-12 09:01:01.255] Response Body: {"data":{"reference_id":"c6b1fb2a882767b6be47b238"},"message":"The email has been queued for delivery.","success":true}
[2025-11-12 09:01:01.255] === END REQUEST ===
[2025-11-12 09:01:01.255] 
[2025-11-12 09:01:02.255] === MAILEROO API REQUEST ===
[2025-11-12 09:01:02.255] Endpoint: https://smtp.maileroo.com/api/v2/emails
[2025-11-12 09:01:02.255] JSON Payload: {"subject":"Ham # 62","from":{"address":"spammer@0f6a1e97319a8c0a.maileroo.org"},"html":"\u003chtml\u003e\u003cbody\u003e\u003ch1\u003eTest Email #62\u003c/h1\u003e\u003cp\u003eSent at Wed Nov 12 09:01:02 GMT 2025\u003c/p\u003e\u003c/body\u003e\u003c/html\u003e","to":{"address":"nivim68827@etramay.com"}}
[2025-11-12 09:01:02.384] Response Status: 200
[2025-11-12 09:01:02.384] Response Body: {"data":{"reference_id":"bd9857f0f107c8c0d893bdd3"},"message":"The email has been queued for delivery.","success":true}
[2025-11-12 09:01:02.384] === END REQUEST ===
[2025-11-12 09:01:02.384] 
[2025-11-12 09:01:03.384] === MAILEROO API REQUEST ===
[2025-11-12 09:01:03.384] Endpoint: https://smtp.maileroo.com/api/v2/emails
[2025-11-12 09:01:03.385] JSON Payload: {"subject":"Ham # 63","from":{"address":"spammer@0f6a1e97319a8c0a.maileroo.org"},"html":"\u003chtml\u003e\u003cbody\u003e\u003ch1\u003eTest Email #63\u003c/h1\u003e\u003cp\u003eSent at Wed Nov 12 09:01:03 GMT 2025\u003c/p\u003e\u003c/body\u003e\u003c/html\u003e","to":{"address":"nivim68827@etramay.com"}}
[2025-11-12 09:01:03.505] Response Status: 200
[2025-11-12 09:01:03.505] Response Body: {"data":{"reference_id":"bbc4704fbea364a57b7e687e"},"message":"The email has been queued for delivery.","success":true}
[2025-11-12 09:01:03.505] === END REQUEST ===
[2025-11-12 09:01:03.505] 
[2025-11-12 09:01:04.505] === MAILEROO API REQUEST ===
[2025-11-12 09:01:04.506] Endpoint: https://smtp.maileroo.com/api/v2/emails
[2025-11-12 09:01:04.506] JSON Payload: {"subject":"Ham # 64","from":{"address":"spammer@0f6a1e97319a8c0a.maileroo.org"},"html":"\u003chtml\u003e\u003cbody\u003e\u003ch1\u003eTest Email #64\u003c/h1\u003e\u003cp\u003eSent at Wed Nov 12 09:01:04 GMT 2025\u003c/p\u003e\u003c/body\u003e\u003c/html\u003e","to":{"address":"nivim68827@etramay.com"}}
[2025-11-12 09:01:04.561] Response Status: 200
[2025-11-12 09:01:04.561] Response Body: {"data":{"reference_id":"0cff11d9327fdf090aab5b69"},"message":"The email has been queued for delivery.","success":true}
[2025-11-12 09:01:04.561] === END REQUEST ===
[2025-11-12 09:01:04.561] 
[2025-11-12 09:01:05.561] === MAILEROO API REQUEST ===
[2025-11-12 09:01:05.561] Endpoint: https://smtp.maileroo.com/api/v2/emails
[2025-11-12 09:01:05.561] JSON Payload: {"subject":"Ham # 65","from":{"address":"spammer@0f6a1e97319a8c0a.maileroo.org"},"html":"\u003chtml\u003e\u003cbody\u003e\u003ch1\u003eTest Email #65\u003c/h1\u003e\u003cp\u003eSent at Wed Nov 12 09:01:05 GMT 2025\u003c/p\u003e\u003c/body\u003e\u003c/html\u003e","to":{"address":"nivim68827@etramay.com"}}
[2025-11-12 09:01:05.665] Response Status: 200
[2025-11-12 09:01:05.665] Response Body: {"data":{"reference_id":"7bfafb915d77d7bac7b8739a"},"message":"The email has been queued for delivery.","success":true}
[2025-11-12 09:01:05.666] === END REQUEST ===
[2025-11-12 09:01:05.666] 
[2025-11-12 09:01:06.666] === MAILEROO API REQUEST ===
[2025-11-12 09:01:06.666] Endpoint: https://smtp.maileroo.com/api/v2/emails
[2025-11-12 09:01:06.666] JSON Payload: {"subject":"Ham # 66","from":{"address":"spammer@0f6a1e97319a8c0a.maileroo.org"},"html":"\u003chtml\u003e\u003cbody\u003e\u003ch1\u003eTest Email #66\u003c/h1\u003e\u003cp\u003eSent at Wed Nov 12 09:01:06 GMT 2025\u003c/p\u003e\u003c/body\u003e\u003c/html\u003e","to":{"address":"nivim68827@etramay.com"}}
[2025-11-12 09:01:06.783] Response Status: 200
[2025-11-12 09:01:06.783] Response Body: {"data":{"reference_id":"1822b276ba5b2f788a93e317"},"message":"The email has been queued for delivery.","success":true}
[2025-11-12 09:01:06.783] === END REQUEST ===
[2025-11-12 09:01:06.783] 
[2025-11-12 09:01:07.784] === MAILEROO API REQUEST ===
[2025-11-12 09:01:07.784] Endpoint: https://smtp.maileroo.com/api/v2/emails
[2025-11-12 09:01:07.784] JSON Payload: {"subject":"Ham # 67","from":{"address":"spammer@0f6a1e97319a8c0a.maileroo.org"},"html":"\u003chtml\u003e\u003cbody\u003e\u003ch1\u003eTest Email #67\u003c/h1\u003e\u003cp\u003eSent at Wed Nov 12 09:01:07 GMT 2025\u003c/p\u003e\u003c/body\u003e\u003c/html\u003e","to":{"address":"nivim68827@etramay.com"}}
[2025-11-12 09:01:07.990] Response Status: 200
[2025-11-12 09:01:07.990] Response Body: {"data":{"reference_id":"00233cd6d6a4bccae41b36c7"},"message":"The email has been queued for delivery.","success":true}
[2025-11-12 09:01:07.990] === END REQUEST ===
[2025-11-12 09:01:07.990] 
[2025-11-12 09:01:08.990] === MAILEROO API REQUEST ===
[2025-11-12 09:01:08.990] Endpoint: https://smtp.maileroo.com/api/v2/emails
[2025-11-12 09:01:08.990] JSON Payload: {"subject":"Ham # 68","from":{"address":"spammer@0f6a1e97319a8c0a.maileroo.org"},"html":"\u003chtml\u003e\u003cbody\u003e\u003ch1\u003eTest Email #68\u003c/h1\u003e\u003cp\u003eSent at Wed Nov 12 09:01:08 GMT 2025\u003c/p\u003e\u003c/body\u003e\u003c/html\u003e","to":{"address":"nivim68827@etramay.com"}}
[2025-11-12 09:01:09.042] Response Status: 200
[2025-11-12 09:01:09.042] Response Body: {"data":{"reference_id":"b8f422f466a07c0186f769dc"},"message":"The email has been queued for delivery.","success":true}
[2025-11-12 09:01:09.042] === END REQUEST ===
[2025-11-12 09:01:09.042] 
[2025-11-12 09:01:10.042] === MAILEROO API REQUEST ===
[2025-11-12 09:01:10.042] Endpoint: https://smtp.maileroo.com/api/v2/emails
[2025-11-12 09:01:10.042] JSON Payload: {"subject":"Ham # 69","from":{"address":"spammer@0f6a1e97319a8c0a.maileroo.org"},"html":"\u003chtml\u003e\u003cbody\u003e\u003ch1\u003eTest Email #69\u003c/h1\u003e\u003cp\u003eSent at Wed Nov 12 09:01:10 GMT 2025\u003c/p\u003e\u003c/body\u003e\u003c/html\u003e","to":{"address":"nivim68827@etramay.com"}}
[2025-11-12 09:01:10.092] Response Status: 200
[2025-11-12 09:01:10.092] Response Body: {"data":{"reference_id":"9bf9ef859eb24e8ae954c185"},"message":"The email has been queued for delivery.","success":true}
[2025-11-12 09:01:10.092] === END REQUEST ===
[2025-11-12 09:01:10.092] 
[2025-11-12 09:01:11.092] === MAILEROO API REQUEST ===
[2025-11-12 09:01:11.093] Endpoint: https://smtp.maileroo.com/api/v2/emails
[2025-11-12 09:01:11.093] JSON Payload: {"subject":"Ham # 70","from":{"address":"spammer@0f6a1e97319a8c0a.maileroo.org"},"html":"\u003chtml\u003e\u003cbody\u003e\u003ch1\u003eTest Email #70\u003c/h1\u003e\u003cp\u003eSent at Wed Nov 12 09:01:11 GMT 2025\u003c/p\u003e\u003c/body\u003e\u003c/html\u003e","to":{"address":"nivim68827@etramay.com"}}
[2025-11-12 09:01:11.145] Response Status: 200
[2025-11-12 09:01:11.145] Response Body: {"data":{"reference_id":"634204431d28900faa9bb234"},"message":"The email has been queued for delivery.","success":true}
[2025-11-12 09:01:11.145] === END REQUEST ===
[2025-11-12 09:01:11.145] 
[2025-11-12 09:01:12.145] === MAILEROO API REQUEST ===
[2025-11-12 09:01:12.146] Endpoint: https://smtp.maileroo.com/api/v2/emails
[2025-11-12 09:01:12.146] JSON Payload: {"subject":"Ham # 71","from":{"address":"spammer@0f6a1e97319a8c0a.maileroo.org"},"html":"\u003chtml\u003e\u003cbody\u003e\u003ch1\u003eTest Email #71\u003c/h1\u003e\u003cp\u003eSent at Wed Nov 12 09:01:12 GMT 2025\u003c/p\u003e\u003c/body\u003e\u003c/html\u003e","to":{"address":"nivim68827@etramay.com"}}
[2025-11-12 09:01:12.190] Response Status: 200
[2025-11-12 09:01:12.190] Response Body: {"data":{"reference_id":"40ce2f9f96f93c8d133318a8"},"message":"The email has been queued for delivery.","success":true}
[2025-11-12 09:01:12.190] === END REQUEST ===
[2025-11-12 09:01:12.190] 
[2025-11-12 09:01:13.191] === MAILEROO API REQUEST ===
[2025-11-12 09:01:13.191] Endpoint: https://smtp.maileroo.com/api/v2/emails
[2025-11-12 09:01:13.191] JSON Payload: {"subject":"Ham # 72","from":{"address":"spammer@0f6a1e97319a8c0a.maileroo.org"},"html":"\u003chtml\u003e\u003cbody\u003e\u003ch1\u003eTest Email #72\u003c/h1\u003e\u003cp\u003eSent at Wed Nov 12 09:01:13 GMT 2025\u003c/p\u003e\u003c/body\u003e\u003c/html\u003e","to":{"address":"nivim68827@etramay.com"}}
[2025-11-12 09:01:13.242] Response Status: 200
[2025-11-12 09:01:13.242] Response Body: {"data":{"reference_id":"9c19d8e1a4788e6020abd6aa"},"message":"The email has been queued for delivery.","success":true}
[2025-11-12 09:01:13.242] === END REQUEST ===
[2025-11-12 09:01:13.242] 
[2025-11-12 09:01:14.242] === MAILEROO API REQUEST ===
[2025-11-12 09:01:14.242] Endpoint: https://smtp.maileroo.com/api/v2/emails
[2025-11-12 09:01:14.242] JSON Payload: {"subject":"Ham # 73","from":{"address":"spammer@0f6a1e97319a8c0a.maileroo.org"},"html":"\u003chtml\u003e\u003cbody\u003e\u003ch1\u003eTest Email #73\u003c/h1\u003e\u003cp\u003eSent at Wed Nov 12 09:01:14 GMT 2025\u003c/p\u003e\u003c/body\u003e\u003c/html\u003e","to":{"address":"nivim68827@etramay.com"}}
[2025-11-12 09:01:14.290] Response Status: 200
[2025-11-12 09:01:14.290] Response Body: {"data":{"reference_id":"4fa3ea7469aab17871360f33"},"message":"The email has been queued for delivery.","success":true}
[2025-11-12 09:01:14.290] === END REQUEST ===
[2025-11-12 09:01:14.290] 
[2025-11-12 09:01:15.291] === MAILEROO API REQUEST ===
[2025-11-12 09:01:15.291] Endpoint: https://smtp.maileroo.com/api/v2/emails
[2025-11-12 09:01:15.291] JSON Payload: {"subject":"Ham # 74","from":{"address":"spammer@0f6a1e97319a8c0a.maileroo.org"},"html":"\u003chtml\u003e\u003cbody\u003e\u003ch1\u003eTest Email #74\u003c/h1\u003e\u003cp\u003eSent at Wed Nov 12 09:01:15 GMT 2025\u003c/p\u003e\u003c/body\u003e\u003c/html\u003e","to":{"address":"nivim68827@etramay.com"}}
[2025-11-12 09:01:15.348] Response Status: 200
[2025-11-12 09:01:15.348] Response Body: {"data":{"reference_id":"e02fe70d9fe18071041e6c54"},"message":"The email has been queued for delivery.","success":true}
[2025-11-12 09:01:15.348] === END REQUEST ===
[2025-11-12 09:01:15.348] 
[2025-11-12 09:01:16.348] === MAILEROO API REQUEST ===
[2025-11-12 09:01:16.348] Endpoint: https://smtp.maileroo.com/api/v2/emails
[2025-11-12 09:01:16.348] JSON Payload: {"subject":"Ham # 75","from":{"address":"spammer@0f6a1e97319a8c0a.maileroo.org"},"html":"\u003chtml\u003e\u003cbody\u003e\u003ch1\u003eTest Email #75\u003c/h1\u003e\u003cp\u003eSent at Wed Nov 12 09:01:16 GMT 2025\u003c/p\u003e\u003c/body\u003e\u003c/html\u003e","to":{"address":"nivim68827@etramay.com"}}
[2025-11-12 09:01:16.393] Response Status: 200
[2025-11-12 09:01:16.393] Response Body: {"data":{"reference_id":"94e36b657036098dedfb0185"},"message":"The email has been queued for delivery.","success":true}
[2025-11-12 09:01:16.393] === END REQUEST ===
[2025-11-12 09:01:16.393] 
[2025-11-12 09:01:17.393] === MAILEROO API REQUEST ===
[2025-11-12 09:01:17.393] Endpoint: https://smtp.maileroo.com/api/v2/emails
[2025-11-12 09:01:17.394] JSON Payload: {"subject":"Ham # 76","from":{"address":"spammer@0f6a1e97319a8c0a.maileroo.org"},"html":"\u003chtml\u003e\u003cbody\u003e\u003ch1\u003eTest Email #76\u003c/h1\u003e\u003cp\u003eSent at Wed Nov 12 09:01:17 GMT 2025\u003c/p\u003e\u003c/body\u003e\u003c/html\u003e","to":{"address":"nivim68827@etramay.com"}}
[2025-11-12 09:01:17.445] Response Status: 200
[2025-11-12 09:01:17.445] Response Body: {"data":{"reference_id":"2fc5a50220b9f20aa553acb3"},"message":"The email has been queued for delivery.","success":true}
[2025-11-12 09:01:17.446] === END REQUEST ===
[2025-11-12 09:01:17.446] 
[2025-11-12 09:01:18.446] === MAILEROO API REQUEST ===
[2025-11-12 09:01:18.446] Endpoint: https://smtp.maileroo.com/api/v2/emails
[2025-11-12 09:01:18.446] JSON Payload: {"subject":"Ham # 77","from":{"address":"spammer@0f6a1e97319a8c0a.maileroo.org"},"html":"\u003chtml\u003e\u003cbody\u003e\u003ch1\u003eTest Email #77\u003c/h1\u003e\u003cp\u003eSent at Wed Nov 12 09:01:18 GMT 2025\u003c/p\u003e\u003c/body\u003e\u003c/html\u003e","to":{"address":"nivim68827@etramay.com"}}
[2025-11-12 09:01:18.559] Response Status: 200
[2025-11-12 09:01:18.560] Response Body: {"data":{"reference_id":"05b4d8e5fe73d0dec26c8cdc"},"message":"The email has been queued for delivery.","success":true}
[2025-11-12 09:01:18.560] === END REQUEST ===
[2025-11-12 09:01:18.560] 
[2025-11-12 09:01:19.560] === MAILEROO API REQUEST ===
[2025-11-12 09:01:19.560] Endpoint: https://smtp.maileroo.com/api/v2/emails
[2025-11-12 09:01:19.560] JSON Payload: {"subject":"Ham # 78","from":{"address":"spammer@0f6a1e97319a8c0a.maileroo.org"},"html":"\u003chtml\u003e\u003cbody\u003e\u003ch1\u003eTest Email #78\u003c/h1\u003e\u003cp\u003eSent at Wed Nov 12 09:01:19 GMT 2025\u003c/p\u003e\u003c/body\u003e\u003c/html\u003e","to":{"address":"nivim68827@etramay.com"}}
[2025-11-12 09:01:19.607] Response Status: 200
[2025-11-12 09:01:19.607] Response Body: {"data":{"reference_id":"40370c1903d2e118a90ad7f0"},"message":"The email has been queued for delivery.","success":true}
[2025-11-12 09:01:19.607] === END REQUEST ===
[2025-11-12 09:01:19.607] 
[2025-11-12 09:01:20.608] === MAILEROO API REQUEST ===
[2025-11-12 09:01:20.608] Endpoint: https://smtp.maileroo.com/api/v2/emails
[2025-11-12 09:01:20.608] JSON Payload: {"subject":"Ham # 79","from":{"address":"spammer@0f6a1e97319a8c0a.maileroo.org"},"html":"\u003chtml\u003e\u003cbody\u003e\u003ch1\u003eTest Email #79\u003c/h1\u003e\u003cp\u003eSent at Wed Nov 12 09:01:20 GMT 2025\u003c/p\u003e\u003c/body\u003e\u003c/html\u003e","to":{"address":"nivim68827@etramay.com"}}
[2025-11-12 09:01:20.798] Response Status: 200
[2025-11-12 09:01:20.798] Response Body: {"data":{"reference_id":"a93ab28d1f18b1e81a5b5ffb"},"message":"The email has been queued for delivery.","success":true}
[2025-11-12 09:01:20.798] === END REQUEST ===
[2025-11-12 09:01:20.798] 
[2025-11-12 09:01:21.798] === MAILEROO API REQUEST ===
[2025-11-12 09:01:21.798] Endpoint: https://smtp.maileroo.com/api/v2/emails
[2025-11-12 09:01:21.798] JSON Payload: {"subject":"Ham # 80","from":{"address":"spammer@0f6a1e97319a8c0a.maileroo.org"},"html":"\u003chtml\u003e\u003cbody\u003e\u003ch1\u003eTest Email #80\u003c/h1\u003e\u003cp\u003eSent at Wed Nov 12 09:01:21 GMT 2025\u003c/p\u003e\u003c/body\u003e\u003c/html\u003e","to":{"address":"nivim68827@etramay.com"}}
[2025-11-12 09:01:21.851] Response Status: 200
[2025-11-12 09:01:21.851] Response Body: {"data":{"reference_id":"100eef731f6e62d68f2c1319"},"message":"The email has been queued for delivery.","success":true}
[2025-11-12 09:01:21.851] === END REQUEST ===
[2025-11-12 09:01:21.851] 
[2025-11-12 09:01:22.852] === MAILEROO API REQUEST ===
[2025-11-12 09:01:22.852] Endpoint: https://smtp.maileroo.com/api/v2/emails
[2025-11-12 09:01:22.852] JSON Payload: {"subject":"Ham # 81","from":{"address":"spammer@0f6a1e97319a8c0a.maileroo.org"},"html":"\u003chtml\u003e\u003cbody\u003e\u003ch1\u003eTest Email #81\u003c/h1\u003e\u003cp\u003eSent at Wed Nov 12 09:01:22 GMT 2025\u003c/p\u003e\u003c/body\u003e\u003c/html\u003e","to":{"address":"nivim68827@etramay.com"}}
[2025-11-12 09:01:22.909] Response Status: 200
[2025-11-12 09:01:22.909] Response Body: {"data":{"reference_id":"0f6acc3425fa24b0f3455282"},"message":"The email has been queued for delivery.","success":true}
[2025-11-12 09:01:22.909] === END REQUEST ===
[2025-11-12 09:01:22.909] 
[2025-11-12 09:01:23.909] === MAILEROO API REQUEST ===
[2025-11-12 09:01:23.909] Endpoint: https://smtp.maileroo.com/api/v2/emails
[2025-11-12 09:01:23.909] JSON Payload: {"subject":"Ham # 82","from":{"address":"spammer@0f6a1e97319a8c0a.maileroo.org"},"html":"\u003chtml\u003e\u003cbody\u003e\u003ch1\u003eTest Email #82\u003c/h1\u003e\u003cp\u003eSent at Wed Nov 12 09:01:23 GMT 2025\u003c/p\u003e\u003c/body\u003e\u003c/html\u003e","to":{"address":"nivim68827@etramay.com"}}
[2025-11-12 09:01:23.958] Response Status: 200
[2025-11-12 09:01:23.958] Response Body: {"data":{"reference_id":"4d637470c979b23453eba1e3"},"message":"The email has been queued for delivery.","success":true}
[2025-11-12 09:01:23.958] === END REQUEST ===
[2025-11-12 09:01:23.958] 
[2025-11-12 09:01:24.958] === MAILEROO API REQUEST ===
[2025-11-12 09:01:24.959] Endpoint: https://smtp.maileroo.com/api/v2/emails
[2025-11-12 09:01:24.959] JSON Payload: {"subject":"Ham # 83","from":{"address":"spammer@0f6a1e97319a8c0a.maileroo.org"},"html":"\u003chtml\u003e\u003cbody\u003e\u003ch1\u003eTest Email #83\u003c/h1\u003e\u003cp\u003eSent at Wed Nov 12 09:01:24 GMT 2025\u003c/p\u003e\u003c/body\u003e\u003c/html\u003e","to":{"address":"nivim68827@etramay.com"}}
[2025-11-12 09:01:25.009] Response Status: 200
[2025-11-12 09:01:25.010] Response Body: {"data":{"reference_id":"b97cc97970cfbf6540375505"},"message":"The email has been queued for delivery.","success":true}
[2025-11-12 09:01:25.010] === END REQUEST ===
[2025-11-12 09:01:25.010] 
[2025-11-12 09:01:26.010] === MAILEROO API REQUEST ===
[2025-11-12 09:01:26.010] Endpoint: https://smtp.maileroo.com/api/v2/emails
[2025-11-12 09:01:26.010] JSON Payload: {"subject":"Ham # 84","from":{"address":"spammer@0f6a1e97319a8c0a.maileroo.org"},"html":"\u003chtml\u003e\u003cbody\u003e\u003ch1\u003eTest Email #84\u003c/h1\u003e\u003cp\u003eSent at Wed Nov 12 09:01:26 GMT 2025\u003c/p\u003e\u003c/body\u003e\u003c/html\u003e","to":{"address":"nivim68827@etramay.com"}}
[2025-11-12 09:01:26.055] Response Status: 200
[2025-11-12 09:01:26.055] Response Body: {"data":{"reference_id":"346b59bbf84f59fa0cc96d56"},"message":"The email has been queued for delivery.","success":true}
[2025-11-12 09:01:26.055] === END REQUEST ===
[2025-11-12 09:01:26.055] 
[2025-11-12 09:01:27.056] === MAILEROO API REQUEST ===
[2025-11-12 09:01:27.056] Endpoint: https://smtp.maileroo.com/api/v2/emails
[2025-11-12 09:01:27.056] JSON Payload: {"subject":"Ham # 85","from":{"address":"spammer@0f6a1e97319a8c0a.maileroo.org"},"html":"\u003chtml\u003e\u003cbody\u003e\u003ch1\u003eTest Email #85\u003c/h1\u003e\u003cp\u003eSent at Wed Nov 12 09:01:27 GMT 2025\u003c/p\u003e\u003c/body\u003e\u003c/html\u003e","to":{"address":"nivim68827@etramay.com"}}
[2025-11-12 09:01:27.106] Response Status: 200
[2025-11-12 09:01:27.106] Response Body: {"data":{"reference_id":"50895f334c7f1b6a9f7507c5"},"message":"The email has been queued for delivery.","success":true}
[2025-11-12 09:01:27.106] === END REQUEST ===
[2025-11-12 09:01:27.106] 
[2025-11-12 09:01:28.106] === MAILEROO API REQUEST ===
[2025-11-12 09:01:28.107] Endpoint: https://smtp.maileroo.com/api/v2/emails
[2025-11-12 09:01:28.107] JSON Payload: {"subject":"Ham # 86","from":{"address":"spammer@0f6a1e97319a8c0a.maileroo.org"},"html":"\u003chtml\u003e\u003cbody\u003e\u003ch1\u003eTest Email #86\u003c/h1\u003e\u003cp\u003eSent at Wed Nov 12 09:01:28 GMT 2025\u003c/p\u003e\u003c/body\u003e\u003c/html\u003e","to":{"address":"nivim68827@etramay.com"}}
[2025-11-12 09:01:28.157] Response Status: 200
[2025-11-12 09:01:28.158] Response Body: {"data":{"reference_id":"4aed14b6faea379b54bb866f"},"message":"The email has been queued for delivery.","success":true}
[2025-11-12 09:01:28.158] === END REQUEST ===
[2025-11-12 09:01:28.158] 
[2025-11-12 09:01:29.158] === MAILEROO API REQUEST ===
[2025-11-12 09:01:29.158] Endpoint: https://smtp.maileroo.com/api/v2/emails
[2025-11-12 09:01:29.158] JSON Payload: {"subject":"Ham # 87","from":{"address":"spammer@0f6a1e97319a8c0a.maileroo.org"},"html":"\u003chtml\u003e\u003cbody\u003e\u003ch1\u003eTest Email #87\u003c/h1\u003e\u003cp\u003eSent at Wed Nov 12 09:01:29 GMT 2025\u003c/p\u003e\u003c/body\u003e\u003c/html\u003e","to":{"address":"nivim68827@etramay.com"}}
[2025-11-12 09:01:29.207] Response Status: 200
[2025-11-12 09:01:29.208] Response Body: {"data":{"reference_id":"8592ecff442dbd047381833c"},"message":"The email has been queued for delivery.","success":true}
[2025-11-12 09:01:29.208] === END REQUEST ===
[2025-11-12 09:01:29.208] 
[2025-11-12 09:01:30.208] === MAILEROO API REQUEST ===
[2025-11-12 09:01:30.208] Endpoint: https://smtp.maileroo.com/api/v2/emails
[2025-11-12 09:01:30.208] JSON Payload: {"subject":"Ham # 88","from":{"address":"spammer@0f6a1e97319a8c0a.maileroo.org"},"html":"\u003chtml\u003e\u003cbody\u003e\u003ch1\u003eTest Email #88\u003c/h1\u003e\u003cp\u003eSent at Wed Nov 12 09:01:30 GMT 2025\u003c/p\u003e\u003c/body\u003e\u003c/html\u003e","to":{"address":"nivim68827@etramay.com"}}
[2025-11-12 09:01:30.261] Response Status: 200
[2025-11-12 09:01:30.261] Response Body: {"data":{"reference_id":"4b5f6774d730ffc13be29b25"},"message":"The email has been queued for delivery.","success":true}
[2025-11-12 09:01:30.261] === END REQUEST ===
[2025-11-12 09:01:30.261] 
[2025-11-12 09:01:31.261] === MAILEROO API REQUEST ===
[2025-11-12 09:01:31.262] Endpoint: https://smtp.maileroo.com/api/v2/emails
[2025-11-12 09:01:31.262] JSON Payload: {"subject":"Ham # 89","from":{"address":"spammer@0f6a1e97319a8c0a.maileroo.org"},"html":"\u003chtml\u003e\u003cbody\u003e\u003ch1\u003eTest Email #89\u003c/h1\u003e\u003cp\u003eSent at Wed Nov 12 09:01:31 GMT 2025\u003c/p\u003e\u003c/body\u003e\u003c/html\u003e","to":{"address":"nivim68827@etramay.com"}}
[2025-11-12 09:01:31.322] Response Status: 200
[2025-11-12 09:01:31.322] Response Body: {"data":{"reference_id":"e4812e196075acd34c870c99"},"message":"The email has been queued for delivery.","success":true}
[2025-11-12 09:01:31.322] === END REQUEST ===
[2025-11-12 09:01:31.322] 
[2025-11-12 09:01:32.322] === MAILEROO API REQUEST ===
[2025-11-12 09:01:32.322] Endpoint: https://smtp.maileroo.com/api/v2/emails
[2025-11-12 09:01:32.322] JSON Payload: {"subject":"Ham # 90","from":{"address":"spammer@0f6a1e97319a8c0a.maileroo.org"},"html":"\u003chtml\u003e\u003cbody\u003e\u003ch1\u003eTest Email #90\u003c/h1\u003e\u003cp\u003eSent at Wed Nov 12 09:01:32 GMT 2025\u003c/p\u003e\u003c/body\u003e\u003c/html\u003e","to":{"address":"nivim68827@etramay.com"}}
[2025-11-12 09:01:32.369] Response Status: 200
[2025-11-12 09:01:32.369] Response Body: {"data":{"reference_id":"a7ad03a00292e9ce7d603ffe"},"message":"The email has been queued for delivery.","success":true}
[2025-11-12 09:01:32.369] === END REQUEST ===
[2025-11-12 09:01:32.369] 
[2025-11-12 09:01:33.369] === MAILEROO API REQUEST ===
[2025-11-12 09:01:33.369] Endpoint: https://smtp.maileroo.com/api/v2/emails
[2025-11-12 09:01:33.369] JSON Payload: {"subject":"Ham # 91","from":{"address":"spammer@0f6a1e97319a8c0a.maileroo.org"},"html":"\u003chtml\u003e\u003cbody\u003e\u003ch1\u003eTest Email #91\u003c/h1\u003e\u003cp\u003eSent at Wed Nov 12 09:01:33 GMT 2025\u003c/p\u003e\u003c/body\u003e\u003c/html\u003e","to":{"address":"nivim68827@etramay.com"}}
[2025-11-12 09:01:33.416] Response Status: 200
[2025-11-12 09:01:33.416] Response Body: {"data":{"reference_id":"0dd9c3d8b938542ce1ff688e"},"message":"The email has been queued for delivery.","success":true}
[2025-11-12 09:01:33.416] === END REQUEST ===
[2025-11-12 09:01:33.416] 
[2025-11-12 09:01:34.416] === MAILEROO API REQUEST ===
[2025-11-12 09:01:34.416] Endpoint: https://smtp.maileroo.com/api/v2/emails
[2025-11-12 09:01:34.416] JSON Payload: {"subject":"Ham # 92","from":{"address":"spammer@0f6a1e97319a8c0a.maileroo.org"},"html":"\u003chtml\u003e\u003cbody\u003e\u003ch1\u003eTest Email #92\u003c/h1\u003e\u003cp\u003eSent at Wed Nov 12 09:01:34 GMT 2025\u003c/p\u003e\u003c/body\u003e\u003c/html\u003e","to":{"address":"nivim68827@etramay.com"}}
[2025-11-12 09:01:34.468] Response Status: 200
[2025-11-12 09:01:34.469] Response Body: {"data":{"reference_id":"74b4f1f2ad4bc5ef1cb53a5c"},"message":"The email has been queued for delivery.","success":true}
[2025-11-12 09:01:34.469] === END REQUEST ===
[2025-11-12 09:01:34.469] 
[2025-11-12 09:01:35.469] === MAILEROO API REQUEST ===
[2025-11-12 09:01:35.469] Endpoint: https://smtp.maileroo.com/api/v2/emails
[2025-11-12 09:01:35.469] JSON Payload: {"subject":"Ham # 93","from":{"address":"spammer@0f6a1e97319a8c0a.maileroo.org"},"html":"\u003chtml\u003e\u003cbody\u003e\u003ch1\u003eTest Email #93\u003c/h1\u003e\u003cp\u003eSent at Wed Nov 12 09:01:35 GMT 2025\u003c/p\u003e\u003c/body\u003e\u003c/html\u003e","to":{"address":"nivim68827@etramay.com"}}
[2025-11-12 09:01:35.512] Response Status: 200
[2025-11-12 09:01:35.512] Response Body: {"data":{"reference_id":"1a948eb0e32741e820522410"},"message":"The email has been queued for delivery.","success":true}
[2025-11-12 09:01:35.512] === END REQUEST ===
[2025-11-12 09:01:35.512] 
[2025-11-12 09:01:36.513] === MAILEROO API REQUEST ===
[2025-11-12 09:01:36.513] Endpoint: https://smtp.maileroo.com/api/v2/emails
[2025-11-12 09:01:36.513] JSON Payload: {"subject":"Ham # 94","from":{"address":"spammer@0f6a1e97319a8c0a.maileroo.org"},"html":"\u003chtml\u003e\u003cbody\u003e\u003ch1\u003eTest Email #94\u003c/h1\u003e\u003cp\u003eSent at Wed Nov 12 09:01:36 GMT 2025\u003c/p\u003e\u003c/body\u003e\u003c/html\u003e","to":{"address":"nivim68827@etramay.com"}}
[2025-11-12 09:01:36.563] Response Status: 200
[2025-11-12 09:01:36.563] Response Body: {"data":{"reference_id":"3a7450f461d372dc7ce08c9a"},"message":"The email has been queued for delivery.","success":true}
[2025-11-12 09:01:36.563] === END REQUEST ===
[2025-11-12 09:01:36.563] 
[2025-11-12 09:01:37.564] === MAILEROO API REQUEST ===
[2025-11-12 09:01:37.564] Endpoint: https://smtp.maileroo.com/api/v2/emails
[2025-11-12 09:01:37.564] JSON Payload: {"subject":"Ham # 95","from":{"address":"spammer@0f6a1e97319a8c0a.maileroo.org"},"html":"\u003chtml\u003e\u003cbody\u003e\u003ch1\u003eTest Email #95\u003c/h1\u003e\u003cp\u003eSent at Wed Nov 12 09:01:37 GMT 2025\u003c/p\u003e\u003c/body\u003e\u003c/html\u003e","to":{"address":"nivim68827@etramay.com"}}
[2025-11-12 09:01:37.611] Response Status: 200
[2025-11-12 09:01:37.611] Response Body: {"data":{"reference_id":"43af069dc950d69899f037c0"},"message":"The email has been queued for delivery.","success":true}
[2025-11-12 09:01:37.611] === END REQUEST ===
[2025-11-12 09:01:37.611] 
[2025-11-12 09:01:38.611] === MAILEROO API REQUEST ===
[2025-11-12 09:01:38.611] Endpoint: https://smtp.maileroo.com/api/v2/emails
[2025-11-12 09:01:38.612] JSON Payload: {"subject":"Ham # 96","from":{"address":"spammer@0f6a1e97319a8c0a.maileroo.org"},"html":"\u003chtml\u003e\u003cbody\u003e\u003ch1\u003eTest Email #96\u003c/h1\u003e\u003cp\u003eSent at Wed Nov 12 09:01:38 GMT 2025\u003c/p\u003e\u003c/body\u003e\u003c/html\u003e","to":{"address":"nivim68827@etramay.com"}}
[2025-11-12 09:01:38.675] Response Status: 200
[2025-11-12 09:01:38.675] Response Body: {"data":{"reference_id":"80ada9c67589579fd553db24"},"message":"The email has been queued for delivery.","success":true}
[2025-11-12 09:01:38.675] === END REQUEST ===
[2025-11-12 09:01:38.675] 
[2025-11-12 09:01:39.676] === MAILEROO API REQUEST ===
[2025-11-12 09:01:39.676] Endpoint: https://smtp.maileroo.com/api/v2/emails
[2025-11-12 09:01:39.676] JSON Payload: {"subject":"Ham # 97","from":{"address":"spammer@0f6a1e97319a8c0a.maileroo.org"},"html":"\u003chtml\u003e\u003cbody\u003e\u003ch1\u003eTest Email #97\u003c/h1\u003e\u003cp\u003eSent at Wed Nov 12 09:01:39 GMT 2025\u003c/p\u003e\u003c/body\u003e\u003c/html\u003e","to":{"address":"nivim68827@etramay.com"}}
[2025-11-12 09:01:39.761] Response Status: 200
[2025-11-12 09:01:39.762] Response Body: {"data":{"reference_id":"8eb9bd21f896ef7537640b05"},"message":"The email has been queued for delivery.","success":true}
[2025-11-12 09:01:39.762] === END REQUEST ===
[2025-11-12 09:01:39.762] 
[2025-11-12 09:01:40.762] === MAILEROO API REQUEST ===
[2025-11-12 09:01:40.762] Endpoint: https://smtp.maileroo.com/api/v2/emails
[2025-11-12 09:01:40.762] JSON Payload: {"subject":"Ham # 98","from":{"address":"spammer@0f6a1e97319a8c0a.maileroo.org"},"html":"\u003chtml\u003e\u003cbody\u003e\u003ch1\u003eTest Email #98\u003c/h1\u003e\u003cp\u003eSent at Wed Nov 12 09:01:40 GMT 2025\u003c/p\u003e\u003c/body\u003e\u003c/html\u003e","to":{"address":"nivim68827@etramay.com"}}
[2025-11-12 09:01:40.880] Response Status: 200
[2025-11-12 09:01:40.880] Response Body: {"data":{"reference_id":"51fa218bdfed8b0f97152125"},"message":"The email has been queued for delivery.","success":true}
[2025-11-12 09:01:40.880] === END REQUEST ===
[2025-11-12 09:01:40.880] 
[2025-11-12 09:01:41.881] === MAILEROO API REQUEST ===
[2025-11-12 09:01:41.881] Endpoint: https://smtp.maileroo.com/api/v2/emails
[2025-11-12 09:01:41.881] JSON Payload: {"subject":"Ham # 99","from":{"address":"spammer@0f6a1e97319a8c0a.maileroo.org"},"html":"\u003chtml\u003e\u003cbody\u003e\u003ch1\u003eTest Email #99\u003c/h1\u003e\u003cp\u003eSent at Wed Nov 12 09:01:41 GMT 2025\u003c/p\u003e\u003c/body\u003e\u003c/html\u003e","to":{"address":"nivim68827@etramay.com"}}
[2025-11-12 09:01:42.015] Response Status: 200
[2025-11-12 09:01:42.015] Response Body: {"data":{"reference_id":"a3888233b7eae10e06859433"},"message":"The email has been queued for delivery.","success":true}
[2025-11-12 09:01:42.015] === END REQUEST ===
[2025-11-12 09:01:42.015] 
[2025-11-12 09:01:43.015] === MAILEROO API REQUEST ===
[2025-11-12 09:01:43.016] Endpoint: https://smtp.maileroo.com/api/v2/emails
[2025-11-12 09:01:43.016] JSON Payload: {"subject":"Ham # 100","from":{"address":"spammer@0f6a1e97319a8c0a.maileroo.org"},"html":"\u003chtml\u003e\u003cbody\u003e\u003ch1\u003eTest Email #100\u003c/h1\u003e\u003cp\u003eSent at Wed Nov 12 09:01:43 GMT 2025\u003c/p\u003e\u003c/body\u003e\u003c/html\u003e","to":{"address":"nivim68827@etramay.com"}}
[2025-11-12 09:01:44.267] Response Status: 200
[2025-11-12 09:01:44.267] Response Body: {"data":{"reference_id":"9e13b8ea3cd6b2bb02646bd5"},"message":"The email has been queued for delivery.","success":true}
[2025-11-12 09:01:44.267] === END REQUEST ===
[2025-11-12 09:01:44.267] 
